Component: ARM Compiler 5.06 update 5 (build 528) Tool: armlink [4d35e2]

==============================================================================

Section Cross References

    app.o(.text) refers to uart.o(.text) for UARTCharsAvail
    app.o(.text) refers to uartstdio.o(.text) for UARTgetc
    app.o(.text) refers to os_core.o(.bss) for OSTCBTbl
    app.o(.text) refers to app.o(.data) for .data
    app.o(.text) refers to os_core.o(.data) for OSTCBList
    app.o(.text) refers to os_sem.o(.text) for OSSemPend
    app.o(.text) refers to os_time.o(.text) for OSTimeDlyHMSM
    app.o(.text) refers to bsp_led.o(.text) for BSP_LED_Toggle
    app.o(.text) refers to os_flag.o(.text) for OSFlagAccept
    app.o(.text) refers to rand.o(.text) for rand
    app.o(.text) refers to os_mbox.o(.text) for OSMboxPost
    app.o(.text) refers to gpio.o(.text) for GPIOPinRead
    app.o(.text) refers to bsp.o(.text) for BSP_Init
    app.o(.text) refers to bsp_sys.o(.text) for BSP_SysClkFreqGet
    app.o(.text) refers to os_cpu_c.o(.text) for OS_CPU_SysTickInit
    app.o(.text) refers to cpu_core.o(.text) for CPU_Init
    app.o(.text) refers to os_core.o(.text) for OSStatInit
    app.o(.text) refers to lib_mem.o(.text) for Mem_Init
    app.o(.text) refers to cpu_a.o(.text) for CPU_IntDis
    app.o(.text) refers to os_task.o(.text) for OSTaskCreateExt
    app.o(.text) refers to app.o(.bss) for .bss
    bsp.o(.text) refers to bsp_int.o(.text) for BSP_IntInit
    bsp.o(.text) refers to bsp_sys.o(.text) for BSP_SysInit
    bsp.o(.text) refers to bsp_led.o(.text) for BSP_LED_Init
    bsp.o(.text) refers to sysctl.o(.text) for SysCtlPeripheralEnable
    bsp.o(.text) refers to gpio.o(.text) for GPIOPinConfigure
    bsp.o(.text) refers to uart.o(.text) for UARTConfigSetExpClk
    bsp.o(.text) refers to uartstdio.o(.text) for UARTStdioConfig
    bsp.o(.text) refers to printf1.o(i.__0sprintf$1) for __2sprintf
    bsp_int.o(.text) refers to cpu_c.o(.text) for CPU_IntSrcDis
    bsp_int.o(.text) refers to cpu_a.o(.text) for CPU_IntDis
    bsp_int.o(.text) refers to os_core.o(.text) for OSIntEnter
    bsp_int.o(.text) refers to bsp_int.o(.bss) for .bss
    bsp_sys.o(.text) refers to sysctl.o(.text) for SysCtlClockSet
    cpu_bsp.o(.text) refers to bsp_sys.o(.text) for BSP_SysClkFreqGet
    cpu_bsp.o(.text) refers to cpu_core.o(.text) for CPU_TS_TmrFreqSet
    cpu_bsp.o(.text) refers to uldiv.o(.text) for __aeabi_uldivmod
    cstartup.o(RESET) refers to cstartup.o(STACK) for __initial_sp
    cstartup.o(RESET) refers to cstartup.o(.text) for Reset_Handler
    cstartup.o(RESET) refers to os_cpu_a.o(.text) for OS_CPU_PendSVHandler
    cstartup.o(RESET) refers to os_cpu_c.o(.text) for OS_CPU_SysTickHandler
    cstartup.o(RESET) refers to bsp_int.o(.text) for BSP_IntHandlerGPIOA
    cstartup.o(.text) refers to entry.o(.ARM.Collect$$$$00000000) for __main
    cpu_core.o(.text) refers to cpu_a.o(.text) for CPU_SR_Save
    cpu_core.o(.text) refers to lib_mem.o(.text) for Mem_Clr
    cpu_core.o(.text) refers to cpu_bsp.o(.text) for CPU_TS_TmrInit
    cpu_core.o(.text) refers to lib_str.o(.text) for Str_Copy_N
    cpu_core.o(.text) refers to cpu_core.o(.bss) for .bss
    cpu_core.o(.text) refers to cpu_core.o(.data) for .data
    cpu_core.o(.text) refers to cpu_core.o(.constdata) for .constdata
    cpu_c.o(.text) refers to cpu_a.o(.text) for CPU_SR_Save
    lib_math.o(.text) refers to cpu_a.o(.text) for CPU_SR_Save
    lib_math.o(.text) refers to lib_math.o(.data) for .data
    lib_mem.o(.text) refers to lib_mem_a.o(.text) for Mem_Copy
    lib_mem.o(.text) refers to cpu_core.o(.text) for CPU_SW_Exception
    lib_mem.o(.text) refers to cpu_a.o(.text) for CPU_SR_Save
    lib_mem.o(.text) refers to lib_mem.o(.bss) for .bss
    lib_mem.o(.text) refers to lib_mem.o(.data) for .data
    lib_str.o(.text) refers to lib_ascii.o(.text) for ASCII_ToLower
    lib_str.o(.text) refers to lib_str.o(.constdata) for .constdata
    os_core.o(.text) refers to os_cpu_a.o(.text) for OS_CPU_SR_Save
    os_core.o(.text) refers to os_task.o(.text) for OSTaskStkChk
    os_core.o(.text) refers to os_time.o(.text) for OSTimeDly
    os_core.o(.text) refers to os_cpu_c.o(.text) for OSTaskStatHook
    os_core.o(.text) refers to os_flag.o(.text) for OS_FlagInit
    os_core.o(.text) refers to os_mem.o(.text) for OS_MemInit
    os_core.o(.text) refers to os_core.o(.data) for .data
    os_core.o(.text) refers to os_core.o(.bss) for .bss
    os_core.o(.text) refers to os_dbg.o(.text) for OSDebugInit
    os_core.o(.text) refers to os_core.o(.constdata) for .constdata
    os_flag.o(.text) refers to os_cpu_a.o(.text) for OS_CPU_SR_Save
    os_flag.o(.text) refers to os_core.o(.text) for OS_Sched
    os_flag.o(.text) refers to os_core.o(.data) for OSIntNesting
    os_flag.o(.text) refers to os_core.o(.data) for OSFlagFreeList
    os_flag.o(.text) refers to os_core.o(.bss) for OSFlagTbl
    os_mbox.o(.text) refers to os_cpu_a.o(.text) for OS_CPU_SR_Save
[...]
    ../clib/microlib/printf/printf.c         0x00000000   Number         0  printf0.o ABSOLUTE
    ../clib/microlib/printf/stubs.s          0x00000000   Number         0  stubs.o ABSOLUTE
    ../clib/microlib/stdio/fputc.c           0x00000000   Number         0  fputc.o ABSOLUTE
    ../clib/microlib/stdio/semi.s            0x00000000   Number         0  semi.o ABSOLUTE
    ../clib/microlib/stdio/streams.c         0x00000000   Number         0  stdout.o ABSOLUTE
    ../clib/microlib/stdlib/rand.c           0x00000000   Number         0  rand.o ABSOLUTE
    ../clib/microlib/stubs.s                 0x00000000   Number         0  iusesemip.o ABSOLUTE
    ../clib/microlib/stubs.s                 0x00000000   Number         0  iusefp.o ABSOLUTE
    ../fplib/microlib/fpadd.c                0x00000000   Number         0  dadd.o ABSOLUTE
    ../fplib/microlib/fpdiv.c                0x00000000   Number         0  ddiv.o ABSOLUTE
    ../fplib/microlib/fpepilogue.c           0x00000000   Number         0  depilogue.o ABSOLUTE
    ../fplib/microlib/fpfix.c                0x00000000   Number         0  dfixul.o ABSOLUTE
    ../fplib/microlib/fpmul.c                0x00000000   Number         0  dmul.o ABSOLUTE
    ..\..\..\..\..\uC-CPU\ARM-Cortex-M4\RealView\cpu_a.asm 0x00000000   Number         0  cpu_a.o ABSOLUTE
    ..\..\..\..\..\uC-CPU\ARM-Cortex-M4\RealView\cpu_c.c 0x00000000   Number         0  cpu_c.o ABSOLUTE
    ..\..\..\..\..\uC-CPU\cpu_core.c         0x00000000   Number         0  cpu_core.o ABSOLUTE
    ..\..\..\..\..\uC-LIB\Ports\ARM-Cortex-M4\RealView\lib_mem_a.asm 0x00000000   Number         0  lib_mem_a.o ABSOLUTE
    ..\..\..\..\..\uC-LIB\lib_ascii.c        0x00000000   Number         0  lib_ascii.o ABSOLUTE
    ..\..\..\..\..\uC-LIB\lib_math.c         0x00000000   Number         0  lib_math.o ABSOLUTE
    ..\..\..\..\..\uC-LIB\lib_mem.c          0x00000000   Number         0  lib_mem.o ABSOLUTE
    ..\..\..\..\..\uC-LIB\lib_str.c          0x00000000   Number         0  lib_str.o ABSOLUTE
    ..\..\..\..\..\uCOS-II\Ports\ARM-Cortex-M4\Generic\RealView\os_cpu_a.asm 0x00000000   Number         0  os_cpu_a.o ABSOLUTE
    ..\..\..\..\..\uCOS-II\Ports\ARM-Cortex-M4\Generic\RealView\os_cpu_c.c 0x00000000   Number         0  os_cpu_c.o ABSOLUTE
    ..\..\..\..\..\uCOS-II\Ports\ARM-Cortex-M4\Generic\RealView\os_dbg.c 0x00000000   Number         0  os_dbg.o ABSOLUTE
    ..\..\..\..\..\uCOS-II\Source\os_core.c  0x00000000   Number         0  os_core.o ABSOLUTE
    ..\..\..\..\..\uCOS-II\Source\os_flag.c  0x00000000   Number         0  os_flag.o ABSOLUTE
    ..\..\..\..\..\uCOS-II\Source\os_mbox.c  0x00000000   Number         0  os_mbox.o ABSOLUTE
    ..\..\..\..\..\uCOS-II\Source\os_mem.c   0x00000000   Number         0  os_mem.o ABSOLUTE
    ..\..\..\..\..\uCOS-II\Source\os_mutex.c 0x00000000   Number         0  os_mutex.o ABSOLUTE
    ..\..\..\..\..\uCOS-II\Source\os_q.c     0x00000000   Number         0  os_q.o ABSOLUTE
    ..\..\..\..\..\uCOS-II\Source\os_sem.c   0x00000000   Number         0  os_sem.o ABSOLUTE
    ..\..\..\..\..\uCOS-II\Source\os_task.c  0x00000000   Number         0  os_task.o ABSOLUTE
    ..\..\..\..\..\uCOS-II\Source\os_time.c  0x00000000   Number         0  os_time.o ABSOLUTE
    ..\..\..\..\..\uCOS-II\Source\os_tmr.c   0x00000000   Number         0  os_tmr.o ABSOLUTE
    ..\..\BSP\KeilMDK\cstartup.s             0x00000000   Number         0  cstartup.o ABSOLUTE
    ..\..\BSP\bsp.c                          0x00000000   Number         0  bsp.o ABSOLUTE
    ..\..\BSP\bsp_int.c                      0x00000000   Number         0  bsp_int.o ABSOLUTE
    ..\..\BSP\bsp_led.c                      0x00000000   Number         0  bsp_led.o ABSOLUTE
    ..\..\BSP\bsp_sys.c                      0x00000000   Number         0  bsp_sys.o ABSOLUTE
    ..\..\BSP\cpu_bsp.c                      0x00000000   Number         0  cpu_bsp.o ABSOLUTE
    ..\..\BSP\driverlib\adc.c                0x00000000   Number         0  adc.o ABSOLUTE
    ..\..\BSP\driverlib\can.c                0x00000000   Number         0  can.o ABSOLUTE
    ..\..\BSP\driverlib\comp.c               0x00000000   Number         0  comp.o ABSOLUTE
    ..\..\BSP\driverlib\cpu.c                0x00000000   Number         0  cpu.o ABSOLUTE
    ..\..\BSP\driverlib\eeprom.c             0x00000000   Number         0  eeprom.o ABSOLUTE
    ..\..\BSP\driverlib\flash.c              0x00000000   Number         0  flash.o ABSOLUTE
    ..\..\BSP\driverlib\fpu.c                0x00000000   Number         0  fpu.o ABSOLUTE
    ..\..\BSP\driverlib\gpio.c               0x00000000   Number         0  gpio.o ABSOLUTE
    ..\..\BSP\driverlib\hibernate.c          0x00000000   Number         0  hibernate.o ABSOLUTE
    ..\..\BSP\driverlib\i2c.c                0x00000000   Number         0  i2c.o ABSOLUTE
    ..\..\BSP\driverlib\interrupt.c          0x00000000   Number         0  interrupt.o ABSOLUTE
    ..\..\BSP\driverlib\mpu.c                0x00000000   Number         0  mpu.o ABSOLUTE
    ..\..\BSP\driverlib\pwm.c                0x00000000   Number         0  pwm.o ABSOLUTE
    ..\..\BSP\driverlib\qei.c                0x00000000   Number         0  qei.o ABSOLUTE
    ..\..\BSP\driverlib\ssi.c                0x00000000   Number         0  ssi.o ABSOLUTE
    ..\..\BSP\driverlib\sw_crc.c             0x00000000   Number         0  sw_crc.o ABSOLUTE
    ..\..\BSP\driverlib\sysctl.c             0x00000000   Number         0  sysctl.o ABSOLUTE
    ..\..\BSP\driverlib\sysexc.c             0x00000000   Number         0  sysexc.o ABSOLUTE
    ..\..\BSP\driverlib\systick.c            0x00000000   Number         0  systick.o ABSOLUTE
    ..\..\BSP\driverlib\timer.c              0x00000000   Number         0  timer.o ABSOLUTE
    ..\..\BSP\driverlib\uart.c               0x00000000   Number         0  uart.o ABSOLUTE
    ..\..\BSP\driverlib\udma.c               0x00000000   Number         0  udma.o ABSOLUTE
    ..\..\BSP\driverlib\usb.c                0x00000000   Number         0  usb.o ABSOLUTE
    ..\..\BSP\driverlib\watchdog.c           0x00000000   Number         0  watchdog.o ABSOLUTE
    ..\..\BSP\utils\uartstdio.c              0x00000000   Number         0  uartstdio.o ABSOLUTE
    ..\\..\\BSP\\driverlib\\cpu.c            0x00000000   Number         0  cpu.o ABSOLUTE
    ..\\..\\BSP\\driverlib\\sysctl.c         0x00000000   Number         0  sysctl.o ABSOLUTE
    ..\app.c                                 0x00000000   Number         0  app.o ABSOLUTE
    ..\app_hooks.c                           0x00000000   Number         0  app_hooks.o ABSOLUTE
    cdrcmple.s                               0x00000000   Number         0  cdrcmple.o ABSOLUTE
    dc.s                                     0x00000000   Number         0  dc.o ABSOLUTE
    handlers.s                               0x00000000   Number         0  handlers.o ABSOLUTE
    init.s                                   0x00000000   Number         0  init.o ABSOLUTE
    .ARM.Collect$$$$00000000                 0x00000200   Section        0  entry.o(.ARM.Collect$$$$00000000)
    .ARM.Collect$$$$00000001                 0x00000200   Section        4  entry2.o(.ARM.Collect$$$$00000001)
    .ARM.Collect$$$$00000004                 0x00000204   Section        4  entry5.o(.ARM.Collect$$$$00000004)
    .ARM.Collect$$$$00000008                 0x00000208   Section        0  entry7b.o(.ARM.Collect$$$$00000008)
    .ARM.Collect$$$$0000000A                 0x00000208   Section        0  entry8b.o(.ARM.Collect$$$$0000000A)
    .ARM.Collect$$$$0000000B                 0x00000208   Section        8  entry9a.o(.ARM.Collect$$$$0000000B)
    .ARM.Collect$$$$0000000D                 0x00000210   Section        0  entry10a.o(.ARM.Collect$$$$0000000D)
    .ARM.Collect$$$$0000000F                 0x00000210   Section        0  entry11a.o(.ARM.Collect$$$$0000000F)
    .ARM.Collect$$$$00002712                 0x00000210   Section        4  entry2.o(.ARM.Collect$$$$00002712)
    __lit__00000000                          0x00000210   Data           4  entry2.o(.ARM.Collect$$$$00002712)
    .emb_text                                0x00000214   Section       38  cpu.o(.emb_text)
    $v0                                      0x00000214   Number         0  cpu.o(.emb_text)
    .emb_text                                0x0000023c   Section        6  sysctl.o(.emb_text)
    $v0                                      0x0000023c   Number         0  sysctl.o(.emb_text)
    .text                                    0x00000244   Section        0  app.o(.text)
    SerialTerminal                           0x00000613   Thumb Code   362  app.o(.text)
    HeartBeat                                0x0000077d   Thumb Code    36  app.o(.text)
    Task2                                    0x000007a1   Thumb Code    80  app.o(.text)
    UpdateBlinkRate                          0x000007f1   Thumb Code    62  app.o(.text)
    Task1                                    0x0000082f   Thumb Code    80  app.o(.text)
    AppTaskStart                             0x0000087f   Thumb Code   180  app.o(.text)
    AppTaskCreate                            0x00000991   Thumb Code    66  app.o(.text)
    .text                                    0x00000a30   Section        0  app_hooks.o(.text)
    .text                                    0x00000a40   Section        0  bsp.o(.text)
    .text                                    0x00000b48   Section        0  bsp_int.o(.text)
    BSP_IntHandlerDummy                      0x00000b89   Thumb Code     2  bsp_int.o(.text)
    .text                                    0x00000d90   Section        0  bsp_led.o(.text)
    .text                                    0x00000e5c   Section        0  bsp_sys.o(.text)
    .text                                    0x00000e6c   Section        0  cpu_bsp.o(.text)
    .text                                    0x00000ec4   Section       24  cstartup.o(.text)
    $v0                                      0x00000ec4   Number         0  cstartup.o(.text)
    .text                                    0x00000edc   Section        0  cpu_core.o(.text)
    .text                                    0x00001098   Section       52  cpu_a.o(.text)
    $v0                                      0x00001098   Number         0  cpu_a.o(.text)
    .text                                    0x000010cc   Section        0  cpu_c.o(.text)
    .text                                    0x00001448   Section        0  lib_ascii.o(.text)
    .text                                    0x000015a4   Section        0  lib_mem.o(.text)
    Mem_SegAlloc                             0x00001725   Thumb Code    52  lib_mem.o(.text)
    Mem_SegCalcTotSize                       0x00001759   Thumb Code   108  lib_mem.o(.text)
    Mem_PoolBlkIsValidAddr                   0x00001d1d   Thumb Code    70  lib_mem.o(.text)
    .text                                    0x00001ef0   Section        0  lib_str.o(.text)
    Str_FmtNbr_Int32                         0x0000218d   Thumb Code   344  lib_str.o(.text)
    Str_ParseNbr_Int32                       0x00002325   Thumb Code   314  lib_str.o(.text)
    .text                                    0x00002498   Section      544  lib_mem_a.o(.text)
    $v0                                      0x00002498   Number         0  lib_mem_a.o(.text)
    .text                                    0x000026b8   Section        0  os_core.o(.text)
    OS_SchedNew                              0x00002ea7   Thumb Code    82  os_core.o(.text)
    OS_InitEventList                         0x00002ef9   Thumb Code    74  os_core.o(.text)
    OS_InitTCBList                           0x00002f43   Thumb Code    96  os_core.o(.text)
    OS_InitMisc                              0x00002fa3   Thumb Code    28  os_core.o(.text)
    .text                                    0x00002fd4   Section        0  os_flag.o(.text)
    OS_FlagTaskRdy                           0x000030d3   Thumb Code    70  os_flag.o(.text)
    OS_FlagBlock                             0x00003249   Thumb Code    86  os_flag.o(.text)
    .text                                    0x00003568   Section        0  os_mbox.o(.text)
    .text                                    0x000038b8   Section        0  os_mem.o(.text)
    .text                                    0x00003a44   Section        0  os_sem.o(.text)
    .text                                    0x00003d54   Section        0  os_task.o(.text)
    .text                                    0x00004448   Section        0  os_time.o(.text)
    .text                                    0x000045a8   Section      220  os_cpu_a.o(.text)
    $v0                                      0x000045a8   Number         0  os_cpu_a.o(.text)
    .text                                    0x00004684   Section        0  os_cpu_c.o(.text)
    .text                                    0x000048ec   Section        0  os_dbg.o(.text)
    .text                                    0x000048f0   Section        0  gpio.o(.text)
    _GPIOIntNumberGet                        0x00004def   Thumb Code    36  gpio.o(.text)
    .text                                    0x00004e1c   Section        0  interrupt.o(.text)
    _IntDefaultHandler                       0x00004e1d   Thumb Code     2  interrupt.o(.text)
    .text                                    0x00005084   Section        0  sysctl.o(.text)
    .text                                    0x000055e0   Section        0  uart.o(.text)
    _UARTIntNumberGet                        0x0000586b   Thumb Code    34  uart.o(.text)
    .text                                    0x00005890   Section        0  uartstdio.o(.text)
    .text                                    0x00005b50   Section        0  uldiv.o(.text)
    .text                                    0x00005bb4   Section        0  rand.o(.text)
    .text                                    0x00005bd8   Section        0  uidiv.o(.text)
    .text                                    0x00005c04   Section        0  llshl.o(.text)
    .text                                    0x00005c22   Section        0  llushr.o(.text)
    .text                                    0x00005c44   Section       36  init.o(.text)
    .text                                    0x00005c68   Section        0  __dczerorl.o(.text)
    i.__0sprintf$1                           0x00005ca4   Section        0  printf1.o(i.__0sprintf$1)
    i.__scatterload_copy                     0x00005ccc   Section       14  handlers.o(i.__scatterload_copy)
    i.__scatterload_null                     0x00005cda   Section        2  handlers.o(i.__scatterload_null)
    i.__scatterload_zeroinit                 0x00005cdc   Section       14  handlers.o(i.__scatterload_zeroinit)
    i._printf_core                           0x00005cec   Section        0  printf1.o(i._printf_core)
    _printf_core                             0x00005ced   Thumb Code   336  printf1.o(i._printf_core)
    i._sputc                                 0x00005e40   Section        0  printf1.o(i._sputc)
    _sputc                                   0x00005e41   Thumb Code    10  printf1.o(i._sputc)
    .constdata                               0x00005e4a   Section      256  cpu_core.o(.constdata)
    CPU_CntLeadZerosTbl                      0x00005e4a   Data         256  cpu_core.o(.constdata)
    .constdata                               0x00005f4c   Section      148  lib_str.o(.constdata)
    Str_MultOvfThTbl_Int32U                  0x00005f4c   Data         148  lib_str.o(.constdata)
    .constdata                               0x00005fe0   Section      256  os_core.o(.constdata)
    .constdata                               0x000060e0   Section      312  gpio.o(.constdata)
    g_ppui32GPIOIntMapBlizzard               0x000060e0   Data         192  gpio.o(.constdata)
    g_pui32GPIOBaseAddrs                     0x000061a0   Data         120  gpio.o(.constdata)
    .constdata                               0x00006218   Section      268  interrupt.o(.constdata)
    g_pui32Priority                          0x00006218   Data          32  interrupt.o(.constdata)
    g_pui32Regs                              0x00006238   Data         156  interrupt.o(.constdata)
    g_pui32EnRegs                            0x000062d4   Data          20  interrupt.o(.constdata)
    g_pui32Dii16Regs                         0x000062e8   Data          20  interrupt.o(.constdata)
    g_pui32PendRegs                          0x000062fc   Data          20  interrupt.o(.constdata)
    g_pui32UnpendRegs                        0x00006310   Data          20  interrupt.o(.constdata)
    .constdata                               0x00006324   Section      108  sysctl.o(.constdata)
    g_pui32Xtals                             0x00006324   Data         108  sysctl.o(.constdata)
    .constdata                               0x00006390   Section       64  uart.o(.constdata)
    g_ppui32UARTIntMap                       0x00006390   Data          64  uart.o(.constdata)
    .constdata                               0x000063d0   Section       28  uartstdio.o(.constdata)
    g_pcHex                                  0x000063d0   Data           4  uartstdio.o(.constdata)
    g_ui32UARTBase                           0x000063d4   Data          12  uartstdio.o(.constdata)
    g_ui32UARTPeriph                         0x000063e0   Data          12  uartstdio.o(.constdata)
    .conststring                             0x000063ec   Section       17  uartstdio.o(.conststring)
    .data                                    0x20000000   Section       44  app.o(.data)
    myGroup                                  0x20000000   Data           4  app.o(.data)
    task1mail                                0x20000004   Data           4  app.o(.data)
    task2mail                                0x20000008   Data           4  app.o(.data)
    mySem                                    0x2000000c   Data           4  app.o(.data)
    task1TCB                                 0x20000010   Data           4  app.o(.data)
    task2TCB                                 0x20000014   Data           4  app.o(.data)
    curTCB                                   0x20000018   Data           4  app.o(.data)
    curEVT                                   0x2000001c   Data           4  app.o(.data)
    .data                                    0x2000002c   Section        4  cpu_core.o(.data)
    .data                                    0x20000030   Section        4  lib_mem.o(.data)
    .data                                    0x20000034   Section       60  os_core.o(.data)
    .data                                    0x20000070   Section        4  os_core.o(.data)
    .data                                    0x20000074   Section        4  os_core.o(.data)
    .data                                    0x20000078   Section        4  os_cpu_c.o(.data)
    .data                                    0x2000007c   Section        8  uartstdio.o(.data)
    bLastWasCR                               0x2000007c   Data           1  uartstdio.o(.data)
    g_ui32Base                               0x20000080   Data           4  uartstdio.o(.data)
    .data                                    0x20000084   Section        4  rand.o(.data)
    _rand_state                              0x20000084   Data           4  rand.o(.data)
    vtable                                   0x20000400   Section      620  interrupt.o(vtable)
    g_pfnRAMVectors                          0x20000400   Data         620  interrupt.o(vtable)
    .bss                                     0x2000066c   Section     6144  app.o(.bss)
    AppTaskStartStk                          0x2000066c   Data        1024  app.o(.bss)
    Task1Stk                                 0x20000a6c   Data        1024  app.o(.bss)
    Task2Stk                                 0x20000e6c   Data        1024  app.o(.bss)
    Task3Stk                                 0x2000126c   Data        1024  app.o(.bss)
    SerialStk                                0x2000166c   Data        1024  app.o(.bss)
    BeatStk                                  0x20001a6c   Data        1024  app.o(.bss)
    .bss                                     0x20001e6c   Section      448  bsp_int.o(.bss)
    BSP_IntVectTbl                           0x20001e6c   Data         448  bsp_int.o(.bss)
    .bss                                     0x2000202c   Section       16  cpu_core.o(.bss)
    .bss                                     0x2000203c   Section     1096  lib_mem.o(.bss)
    .bss                                     0x20002484   Section     3456  os_core.o(.bss)
    .bss                                     0x20003204   Section       80  os_core.o(.bss)
    .bss                                     0x20003254   Section      120  os_core.o(.bss)
    .bss                                     0x200032cc   Section      512  os_cpu_c.o(.bss)
    STACK                                    0x200034d0   Section      512  cstartup.o(STACK)

    Global Symbols

    Symbol Name                              Value     Ov Type        Size  Object(Section)

    BuildAttributes$$THM_ISAv4$E$P$D$K$B$S$7EM$VFPi3$EXTD16$VFPS$VFMA$PE$A:L22UL41UL21$X:L11$S22US41US21$IEEE1$IW$USESV6$~STKCKD$USESV7$~SHL$OSPACE$ROPI$EBA8$MICROLIB$REQ8$PRES8$EABIv2 0x00000000   Number         0  anon$$obj.o ABSOLUTE
    __ARM_use_no_argv                        0x00000000   Number         0  app.o ABSOLUTE
    __Vectors                                0x00000000   Data           4  cstartup.o(RESET)
    _printf_a                                0x00000000   Number         0  stubs.o ABSOLUTE
    _printf_c                                0x00000000   Number         0  stubs.o ABSOLUTE
    _printf_charcount                        0x00000000   Number         0  stubs.o ABSOLUTE
    _printf_d                                0x00000000   Number         0  stubs.o ABSOLUTE
    _printf_e                                0x00000000   Number         0  stubs.o ABSOLUTE
    _printf_f                                0x00000000   Number         0  stubs.o ABSOLUTE
    _printf_flags                            0x00000000   Number         0  stubs.o ABSOLUTE
    _printf_fp_dec                           0x00000000   Number         0  stubs.o ABSOLUTE
    _printf_fp_hex                           0x00000000   Number         0  stubs.o ABSOLUTE
    _printf_g                                0x00000000   Number         0  stubs.o ABSOLUTE
    _printf_i                                0x00000000   Number         0  stubs.o ABSOLUTE
    _printf_int_dec                          0x00000000   Number         0  stubs.o ABSOLUTE
    _printf_l                                0x00000000   Number         0  stubs.o ABSOLUTE
    _printf_lc                               0x00000000   Number         0  stubs.o ABSOLUTE
    _printf_ll                               0x00000000   Number         0  stubs.o ABSOLUTE
    _printf_lld                              0x00000000   Number         0  stubs.o ABSOLUTE
    _printf_lli                              0x00000000   Number         0  stubs.o ABSOLUTE
    _printf_llo                              0x00000000   Number         0  stubs.o ABSOLUTE
    _printf_llu                              0x00000000   Number         0  stubs.o ABSOLUTE
    _printf_llx                              0x00000000   Number         0  stubs.o ABSOLUTE
    _printf_longlong_dec                     0x00000000   Number         0  stubs.o ABSOLUTE
    _printf_longlong_hex                     0x00000000   Number         0  stubs.o ABSOLUTE
    _printf_longlong_oct                     0x00000000   Number         0  stubs.o ABSOLUTE
    _printf_ls                               0x00000000   Number         0  stubs.o ABSOLUTE
    _printf_mbtowc                           0x00000000   Number         0  stubs.o ABSOLUTE
    _printf_n                                0x00000000   Number         0  stubs.o ABSOLUTE
    _printf_o                                0x00000000   Number         0  stubs.o ABSOLUTE
    _printf_p                                0x00000000   Number         0  stubs.o ABSOLUTE
    _printf_percent                          0x00000000   Number         0  stubs.o ABSOLUTE
    _printf_pre_padding                      0x00000000   Number         0  stubs.o ABSOLUTE
    _printf_return_value                     0x00000000   Number         0  stubs.o ABSOLUTE
    _printf_s                                0x00000000   Number         0  stubs.o ABSOLUTE
    _printf_sizespec                         0x00000000   Number         0  stubs.o ABSOLUTE
    _printf_str                              0x00000000   Number         0  stubs.o ABSOLUTE
    _printf_truncate_signed                  0x00000000   Number         0  stubs.o ABSOLUTE
    _printf_truncate_unsigned                0x00000000   Number         0  stubs.o ABSOLUTE
    _printf_u                                0x00000000   Number         0  stubs.o ABSOLUTE
    _printf_wc                               0x00000000   Number         0  stubs.o ABSOLUTE
    _printf_wctomb                           0x00000000   Number         0  stubs.o ABSOLUTE
    _printf_widthprec                        0x00000000   Number         0  stubs.o ABSOLUTE
    _printf_x                                0x00000000   Number         0  stubs.o ABSOLUTE
    __cpp_initialize__aeabi_                  - Undefined Weak Reference
    __cxa_finalize                            - Undefined Weak Reference
    _clock_init                               - Undefined Weak Reference
    _microlib_exit                            - Undefined Weak Reference
    __Vectors_End                            0x00000200   Data           0  cstartup.o(RESET)
    __Vectors_Size                           0x00000200   Number         0  cstartup.o ABSOLUTE
    __main                                   0x00000201   Thumb Code     0  entry.o(.ARM.Collect$$$$00000000)
    _main_stk                                0x00000201   Thumb Code     0  entry2.o(.ARM.Collect$$$$00000001)
    _main_scatterload                        0x00000205   Thumb Code     0  entry5.o(.ARM.Collect$$$$00000004)
    __main_after_scatterload                 0x00000209   Thumb Code     0  entry5.o(.ARM.Collect$$$$00000004)
    _main_clock                              0x00000209   Thumb Code     0  entry7b.o(.ARM.Collect$$$$00000008)
    _main_cpp_init                           0x00000209   Thumb Code     0  entry8b.o(.ARM.Collect$$$$0000000A)
    _main_init                               0x00000209   Thumb Code     0  entry9a.o(.ARM.Collect$$$$0000000B)
    __rt_final_cpp                           0x00000211   Thumb Code     0  entry10a.o(.ARM.Collect$$$$0000000D)
    __rt_final_exit                          0x00000211   Thumb Code     0  entry11a.o(.ARM.Collect$$$$0000000F)
    CPUcpsid                                 0x00000215   Thumb Code     8  cpu.o(.emb_text)
    CPUprimask                               0x0000021d   Thumb Code     6  cpu.o(.emb_text)
    CPUcpsie                                 0x00000223   Thumb Code     8  cpu.o(.emb_text)
    CPUwfi                                   0x0000022b   Thumb Code     4  cpu.o(.emb_text)
    CPUbasepriSet                            0x0000022f   Thumb Code     6  cpu.o(.emb_text)
    CPUbasepriGet                            0x00000235   Thumb Code     6  cpu.o(.emb_text)
    SysCtlDelay                              0x0000023d   Thumb Code     6  sysctl.o(.emb_text)
    chkUART                                  0x00000245   Thumb Code   142  app.o(.text)
    returnTable                              0x000002d3   Thumb Code    30  app.o(.text)
    tabOver                                  0x000002f1   Thumb Code    22  app.o(.text)
    printColumn5                             0x00000307   Thumb Code   134  app.o(.text)
    printColumn4                             0x0000038d   Thumb Code   134  app.o(.text)
    printColumn3                             0x00000413   Thumb Code   200  app.o(.text)
    printColumn2                             0x000004db   Thumb Code   160  app.o(.text)
    printColumn1                             0x0000057b   Thumb Code    42  app.o(.text)
    printClms                                0x000005a5   Thumb Code    92  app.o(.text)
    clearScreen                              0x00000601   Thumb Code    18  app.o(.text)
    main                                     0x00000933   Thumb Code    68  app.o(.text)
    myUPrintf                                0x00000977   Thumb Code    26  app.o(.text)
    App_TaskCreateHook                       0x00000a31   Thumb Code     2  app_hooks.o(.text)
    App_TaskDelHook                          0x00000a33   Thumb Code     2  app_hooks.o(.text)
    App_TaskIdleHook                         0x00000a35   Thumb Code     2  app_hooks.o(.text)
    App_TaskStatHook                         0x00000a37   Thumb Code     2  app_hooks.o(.text)
    App_TaskReturnHook                       0x00000a39   Thumb Code     2  app_hooks.o(.text)
    App_TaskSwHook                           0x00000a3b   Thumb Code     2  app_hooks.o(.text)
    App_TCBInitHook                          0x00000a3d   Thumb Code     2  app_hooks.o(.text)
    App_TimeTickHook                         0x00000a3f   Thumb Code     2  app_hooks.o(.text)
    BSP_Init                                 0x00000a41   Thumb Code   182  bsp.o(.text)
    BSP_IntClr                               0x00000b49   Thumb Code     2  bsp_int.o(.text)
    BSP_IntDis                               0x00000b4b   Thumb Code    14  bsp_int.o(.text)
    BSP_IntDisAll                            0x00000b59   Thumb Code     4  bsp_int.o(.text)
    BSP_IntEn                                0x00000b5d   Thumb Code    14  bsp_int.o(.text)
    BSP_IntVectSet                           0x00000b6b   Thumb Code    30  bsp_int.o(.text)
    BSP_IntInit                              0x00000b8b   Thumb Code    20  bsp_int.o(.text)
    BSP_IntHandler                           0x00000b9f   Thumb Code    42  bsp_int.o(.text)
    BSP_IntHandlerGPIOA                      0x00000bc9   Thumb Code     4  bsp_int.o(.text)
    BSP_IntHandlerGPIOB                      0x00000bcd   Thumb Code     4  bsp_int.o(.text)
    BSP_IntHandlerGPIOC                      0x00000bd1   Thumb Code     4  bsp_int.o(.text)
    BSP_IntHandlerGPIOD                      0x00000bd5   Thumb Code     4  bsp_int.o(.text)
    BSP_IntHandlerGPIOE                      0x00000bd9   Thumb Code     4  bsp_int.o(.text)
    BSP_IntHandlerUART0                      0x00000bdd   Thumb Code     4  bsp_int.o(.text)
    BSP_IntHandlerUART1                      0x00000be1   Thumb Code     4  bsp_int.o(.text)
    BSP_IntHandlerSSI0                       0x00000be5   Thumb Code     4  bsp_int.o(.text)
    BSP_IntHandlerI2C0                       0x00000be9   Thumb Code     4  bsp_int.o(.text)
    BSP_IntHandlerPWM_FAULT                  0x00000bed   Thumb Code     4  bsp_int.o(.text)
    BSP_IntHandlerPWM_GEN0                   0x00000bf1   Thumb Code     4  bsp_int.o(.text)
    BSP_IntHandlerPWM_GEN1                   0x00000bf5   Thumb Code     4  bsp_int.o(.text)
    BSP_IntHandlerPWM_GEN2                   0x00000bf9   Thumb Code     4  bsp_int.o(.text)
    BSP_IntHandlerQEI0                       0x00000bfd   Thumb Code     4  bsp_int.o(.text)
    BSP_IntHandlerADC0_0                     0x00000c01   Thumb Code     4  bsp_int.o(.text)
    BSP_IntHandlerADC0_1                     0x00000c05   Thumb Code     4  bsp_int.o(.text)
    BSP_IntHandlerADC0_2                     0x00000c09   Thumb Code     4  bsp_int.o(.text)
    BSP_IntHandlerADC0_3                     0x00000c0d   Thumb Code     4  bsp_int.o(.text)
    BSP_IntHandlerWDTO_WDT1                  0x00000c11   Thumb Code     4  bsp_int.o(.text)
    BSP_IntHandlerTMR0A                      0x00000c15   Thumb Code     4  bsp_int.o(.text)
    BSP_IntHandlerTMR0B                      0x00000c19   Thumb Code     4  bsp_int.o(.text)
    BSP_IntHandlerTMR1A                      0x00000c1d   Thumb Code     4  bsp_int.o(.text)
    BSP_IntHandlerTMR1B                      0x00000c21   Thumb Code     4  bsp_int.o(.text)
    BSP_IntHandlerTMR2A                      0x00000c25   Thumb Code     4  bsp_int.o(.text)
    BSP_IntHandlerTMR2B                      0x00000c29   Thumb Code     4  bsp_int.o(.text)
    BSP_IntHandlerACOMP0                     0x00000c2d   Thumb Code     4  bsp_int.o(.text)
    BSP_IntHandlerACOMP1                     0x00000c31   Thumb Code     4  bsp_int.o(.text)
    BSP_IntHandlerACOMP2                     0x00000c35   Thumb Code     4  bsp_int.o(.text)
    BSP_IntHandlerSYS_CTRL                   0x00000c39   Thumb Code     4  bsp_int.o(.text)
    BSP_IntHandlerFLASH                      0x00000c3d   Thumb Code     4  bsp_int.o(.text)
    BSP_IntHandlerGPIOF                      0x00000c41   Thumb Code     4  bsp_int.o(.text)
    BSP_IntHandlerGPIOG                      0x00000c45   Thumb Code     4  bsp_int.o(.text)
    BSP_IntHandlerGPIOH                      0x00000c49   Thumb Code     4  bsp_int.o(.text)
    BSP_IntHandlerUART2                      0x00000c4d   Thumb Code     4  bsp_int.o(.text)
    BSP_IntHandlerSSI1                       0x00000c51   Thumb Code     4  bsp_int.o(.text)
    BSP_IntHandlerTMR3A                      0x00000c55   Thumb Code     4  bsp_int.o(.text)
    BSP_IntHandlerTMR3B                      0x00000c59   Thumb Code     4  bsp_int.o(.text)
    BSP_IntHandlerI2C1                       0x00000c5d   Thumb Code     4  bsp_int.o(.text)
    BSP_IntHandlerCAN0                       0x00000c61   Thumb Code     4  bsp_int.o(.text)
    BSP_IntHandlerCAN1                       0x00000c65   Thumb Code     4  bsp_int.o(.text)
    BSP_IntHandlerETHER_MAC                  0x00000c69   Thumb Code     4  bsp_int.o(.text)
    BSP_IntHandlerHIB                        0x00000c6d   Thumb Code     4  bsp_int.o(.text)
    BSP_IntHandlerUSB_MAC                    0x00000c71   Thumb Code     4  bsp_int.o(.text)
    BSP_IntHandlerPWM_GEN3                   0x00000c75   Thumb Code     4  bsp_int.o(.text)
    BSP_IntHandlerUDMA0_SOFT                 0x00000c79   Thumb Code     4  bsp_int.o(.text)
    BSP_IntHandlerUDAM0_ERR                  0x00000c7d   Thumb Code     4  bsp_int.o(.text)
    BSP_IntHandlerADC1_0                     0x00000c81   Thumb Code     4  bsp_int.o(.text)
    BSP_IntHandlerADC1_1                     0x00000c85   Thumb Code     4  bsp_int.o(.text)
    BSP_IntHandlerADC1_2                     0x00000c89   Thumb Code     4  bsp_int.o(.text)
    BSP_IntHandlerADC1_3                     0x00000c8d   Thumb Code     4  bsp_int.o(.text)
    BSP_IntHandlerEPI0                       0x00000c91   Thumb Code     4  bsp_int.o(.text)
    BSP_IntHandlerGPIOJ                      0x00000c95   Thumb Code     4  bsp_int.o(.text)
    BSP_IntHandlerGPIOK                      0x00000c99   Thumb Code     4  bsp_int.o(.text)
    BSP_IntHandlerGPIOL                      0x00000c9d   Thumb Code     4  bsp_int.o(.text)
    BSP_IntHandlerSSI2                       0x00000ca1   Thumb Code     4  bsp_int.o(.text)
    BSP_IntHandlerSSI3                       0x00000ca5   Thumb Code     4  bsp_int.o(.text)
    BSP_IntHandlerUART3                      0x00000ca9   Thumb Code     4  bsp_int.o(.text)
    BSP_IntHandlerUART4                      0x00000cad   Thumb Code     4  bsp_int.o(.text)
    BSP_IntHandlerUART5                      0x00000cb1   Thumb Code     4  bsp_int.o(.text)
    BSP_IntHandlerUART6                      0x00000cb5   Thumb Code     4  bsp_int.o(.text)
    BSP_IntHandlerUART7                      0x00000cb9   Thumb Code     4  bsp_int.o(.text)
    BSP_IntHandlerI2C2                       0x00000cbd   Thumb Code     4  bsp_int.o(.text)
    BSP_IntHandlerI2C3                       0x00000cc1   Thumb Code     4  bsp_int.o(.text)
    BSP_IntHandlerTMR4A                      0x00000cc5   Thumb Code     4  bsp_int.o(.text)
    BSP_IntHandlerTMR4B                      0x00000cc9   Thumb Code     4  bsp_int.o(.text)
    BSP_IntHandlerTMR5A                      0x00000ccd   Thumb Code     4  bsp_int.o(.text)
    BSP_IntHandlerTMR5B                      0x00000cd1   Thumb Code     4  bsp_int.o(.text)
    BSP_IntHandlerFP                         0x00000cd5   Thumb Code     4  bsp_int.o(.text)
    BSP_IntHandlerRSVD68                     0x00000cd9   Thumb Code     4  bsp_int.o(.text)
    BSP_IntHandlerRSVD69                     0x00000cdd   Thumb Code     4  bsp_int.o(.text)
    BSP_IntHandlerI2C4                       0x00000ce1   Thumb Code     4  bsp_int.o(.text)
    BSP_IntHandlerI2C5                       0x00000ce5   Thumb Code     4  bsp_int.o(.text)
    BSP_IntHandlerGPIOM                      0x00000ce9   Thumb Code     4  bsp_int.o(.text)
    BSP_IntHandlerGPION                      0x00000ced   Thumb Code     4  bsp_int.o(.text)
    BSP_IntHandlerRSVD74                     0x00000cf1   Thumb Code     4  bsp_int.o(.text)
    BSP_IntHandlerTAMPER                     0x00000cf5   Thumb Code     4  bsp_int.o(.text)
    BSP_IntHandlerGPIOP0                     0x00000cf9   Thumb Code     4  bsp_int.o(.text)
    BSP_IntHandlerGPIOP1                     0x00000cfd   Thumb Code     4  bsp_int.o(.text)
    BSP_IntHandlerGPIOP2                     0x00000d01   Thumb Code     4  bsp_int.o(.text)
    BSP_IntHandlerGPIOP3                     0x00000d05   Thumb Code     4  bsp_int.o(.text)
    BSP_IntHandlerGPIOP4                     0x00000d09   Thumb Code     4  bsp_int.o(.text)
    BSP_IntHandlerGPIOP5                     0x00000d0d   Thumb Code     4  bsp_int.o(.text)
    BSP_IntHandlerGPIOP6                     0x00000d11   Thumb Code     4  bsp_int.o(.text)
    BSP_IntHandlerGPIOP7                     0x00000d15   Thumb Code     4  bsp_int.o(.text)
    BSP_IntHandlerGPIOQ0                     0x00000d19   Thumb Code     4  bsp_int.o(.text)
    BSP_IntHandlerGPIOQ1                     0x00000d1d   Thumb Code     4  bsp_int.o(.text)
    BSP_IntHandlerGPIOQ2                     0x00000d21   Thumb Code     4  bsp_int.o(.text)
    BSP_IntHandlerGPIOQ3                     0x00000d25   Thumb Code     4  bsp_int.o(.text)
    BSP_IntHandlerGPIOQ4                     0x00000d29   Thumb Code     4  bsp_int.o(.text)
    BSP_IntHandlerGPIOQ5                     0x00000d2d   Thumb Code     4  bsp_int.o(.text)
    BSP_IntHandlerGPIOQ6                     0x00000d31   Thumb Code     4  bsp_int.o(.text)
    BSP_IntHandlerGPIOQ7                     0x00000d35   Thumb Code     4  bsp_int.o(.text)
    BSP_IntHandlerGPIOR                      0x00000d39   Thumb Code     4  bsp_int.o(.text)
    BSP_IntHandlerGPIOS                      0x00000d3d   Thumb Code     4  bsp_int.o(.text)
    BSP_IntHandlerSHA_MD5                    0x00000d41   Thumb Code     4  bsp_int.o(.text)
    BSP_IntHandlerAES                        0x00000d45   Thumb Code     4  bsp_int.o(.text)
    BSP_IntHandlerDES                        0x00000d49   Thumb Code     4  bsp_int.o(.text)
    BSP_IntHandlerLCD                        0x00000d4d   Thumb Code     4  bsp_int.o(.text)
    BSP_IntHandlerTMR6A                      0x00000d51   Thumb Code     4  bsp_int.o(.text)
    BSP_IntHandlerTMR6B                      0x00000d55   Thumb Code     4  bsp_int.o(.text)
    BSP_IntHandlerTMR7A                      0x00000d59   Thumb Code     4  bsp_int.o(.text)
    BSP_IntHandlerTMR7B                      0x00000d5d   Thumb Code     4  bsp_int.o(.text)
    BSP_IntHandlerI2C6                       0x00000d61   Thumb Code     4  bsp_int.o(.text)
    BSP_IntHandlerI2C7                       0x00000d65   Thumb Code     4  bsp_int.o(.text)
    BSP_IntHandlerRSVD104                    0x00000d69   Thumb Code     4  bsp_int.o(.text)
    BSP_IntHandler1WIRE                      0x00000d6d   Thumb Code     4  bsp_int.o(.text)
    BSP_IntHandlerRSVD106                    0x00000d71   Thumb Code     4  bsp_int.o(.text)
    BSP_IntHandlerRSVD107                    0x00000d75   Thumb Code     4  bsp_int.o(.text)
    BSP_IntHandlerRSVD108                    0x00000d79   Thumb Code     4  bsp_int.o(.text)
    BSP_IntHandlerI2C8                       0x00000d7d   Thumb Code     4  bsp_int.o(.text)
    BSP_IntHandlerI2C9                       0x00000d81   Thumb Code     4  bsp_int.o(.text)
    BSP_IntHandlerGPIOT                      0x00000d85   Thumb Code     4  bsp_int.o(.text)
    BSP_LED_Off                              0x00000d91   Thumb Code    46  bsp_led.o(.text)
    BSP_LED_Init                             0x00000dbf   Thumb Code    26  bsp_led.o(.text)
    BSP_LED_On                               0x00000dd9   Thumb Code    50  bsp_led.o(.text)
    BSP_LED_Toggle                           0x00000e0b   Thumb Code    66  bsp_led.o(.text)
    BSP_SysInit                              0x00000e5d   Thumb Code     6  bsp_sys.o(.text)
    BSP_SysClkFreqGet                        0x00000e63   Thumb Code     4  bsp_sys.o(.text)
    CPU_TS_TmrInit                           0x00000e6d   Thumb Code    38  cpu_bsp.o(.text)
    CPU_TS_TmrRd                             0x00000e93   Thumb Code     6  cpu_bsp.o(.text)
    CPU_TS32_to_uSec                         0x00000e99   Thumb Code    32  cpu_bsp.o(.text)
    Reset_Handler                            0x00000ec5   Thumb Code     4  cstartup.o(.text)
    App_NMI_ISR                              0x00000ec9   Thumb Code     2  cstartup.o(.text)
    App_Fault_ISR                            0x00000ecb   Thumb Code     2  cstartup.o(.text)
    App_MemFault_ISR                         0x00000ecd   Thumb Code     2  cstartup.o(.text)
    App_BusFault_ISR                         0x00000ecf   Thumb Code     2  cstartup.o(.text)
    App_UsageFault_ISR                       0x00000ed1   Thumb Code     2  cstartup.o(.text)
    App_Spurious_ISR                         0x00000ed3   Thumb Code     2  cstartup.o(.text)
    App_Reserved_ISR                         0x00000ed5   Thumb Code     2  cstartup.o(.text)
    CPU_NameClr                              0x00000edd   Thumb Code    26  cpu_core.o(.text)
    CPU_Init                                 0x00000ef7   Thumb Code    18  cpu_core.o(.text)
    CPU_SW_Exception                         0x00000f09   Thumb Code     2  cpu_core.o(.text)
    CPU_NameGet                              0x00000f0b   Thumb Code    46  cpu_core.o(.text)
    CPU_NameSet                              0x00000f39   Thumb Code    62  cpu_core.o(.text)
    CPU_TS_Get32                             0x00000f77   Thumb Code     4  cpu_core.o(.text)
    CPU_TS_Update                            0x00000f7b   Thumb Code     2  cpu_core.o(.text)
    CPU_TS_TmrFreqGet                        0x00000f7d   Thumb Code    24  cpu_core.o(.text)
    CPU_TS_TmrFreqSet                        0x00000f95   Thumb Code     6  cpu_core.o(.text)
    CPU_CntLeadZeros08                       0x00000f9b   Thumb Code    10  cpu_core.o(.text)
    CPU_CntLeadZeros16                       0x00000fa5   Thumb Code    10  cpu_core.o(.text)
    CPU_CntLeadZeros32                       0x00000faf   Thumb Code     4  cpu_core.o(.text)
    CPU_CntLeadZeros64                       0x00000fb3   Thumb Code   152  cpu_core.o(.text)
    CPU_CntTrailZeros08                      0x0000104b   Thumb Code    10  cpu_core.o(.text)
    CPU_CntTrailZeros16                      0x00001055   Thumb Code    10  cpu_core.o(.text)
    CPU_CntTrailZeros32                      0x0000105f   Thumb Code    10  cpu_core.o(.text)
    CPU_CntTrailZeros64                      0x00001069   Thumb Code    36  cpu_core.o(.text)
    CPU_IntDis                               0x00001099   Thumb Code     0  cpu_a.o(.text)
    CPU_IntEn                                0x0000109d   Thumb Code     0  cpu_a.o(.text)
    CPU_SR_Save                              0x000010a1   Thumb Code     0  cpu_a.o(.text)
    CPU_SR_Restore                           0x000010a9   Thumb Code     0  cpu_a.o(.text)
    CPU_WaitForInt                           0x000010af   Thumb Code     0  cpu_a.o(.text)
    CPU_WaitForExcept                        0x000010b3   Thumb Code     0  cpu_a.o(.text)
    CPU_CntLeadZeros                         0x000010b7   Thumb Code     0  cpu_a.o(.text)
    CPU_CntTrailZeros                        0x000010bd   Thumb Code     0  cpu_a.o(.text)
    CPU_RevBits                              0x000010c7   Thumb Code     0  cpu_a.o(.text)
    CPU_BitBandClr                           0x000010cd   Thumb Code    44  cpu_c.o(.text)
    CPU_BitBandSet                           0x000010f9   Thumb Code    44  cpu_c.o(.text)
    CPU_IntSrcDis                            0x00001125   Thumb Code   146  cpu_c.o(.text)
    CPU_IntSrcEn                             0x000011b7   Thumb Code   146  cpu_c.o(.text)
    CPU_IntSrcPendClr                        0x00001249   Thumb Code    72  cpu_c.o(.text)
    CPU_IntSrcPrioSet                        0x00001291   Thumb Code   232  cpu_c.o(.text)
    CPU_IntSrcPrioGet                        0x00001379   Thumb Code   200  cpu_c.o(.text)
    ASCII_IsAlpha                            0x00001449   Thumb Code    22  lib_ascii.o(.text)
    ASCII_IsAlphaNum                         0x0000145f   Thumb Code    28  lib_ascii.o(.text)
    ASCII_IsLower                            0x0000147b   Thumb Code    14  lib_ascii.o(.text)
    ASCII_IsUpper                            0x00001489   Thumb Code    14  lib_ascii.o(.text)
    ASCII_IsDig                              0x00001497   Thumb Code    14  lib_ascii.o(.text)
    ASCII_IsDigOct                           0x000014a5   Thumb Code    14  lib_ascii.o(.text)
    ASCII_IsDigHex                           0x000014b3   Thumb Code    28  lib_ascii.o(.text)
    ASCII_IsBlank                            0x000014cf   Thumb Code    16  lib_ascii.o(.text)
    ASCII_IsSpace                            0x000014df   Thumb Code    32  lib_ascii.o(.text)
    ASCII_IsPrint                            0x000014ff   Thumb Code    14  lib_ascii.o(.text)
    ASCII_IsGraph                            0x0000150d   Thumb Code    14  lib_ascii.o(.text)
    ASCII_IsPunct                            0x0000151b   Thumb Code    58  lib_ascii.o(.text)
    ASCII_IsCtrl                             0x00001555   Thumb Code    22  lib_ascii.o(.text)
    ASCII_ToLower                            0x0000156b   Thumb Code    14  lib_ascii.o(.text)
    ASCII_ToUpper                            0x00001579   Thumb Code    14  lib_ascii.o(.text)
    ASCII_Cmp                                0x00001587   Thumb Code    28  lib_ascii.o(.text)
    Mem_Init                                 0x000015a5   Thumb Code    54  lib_mem.o(.text)
    Mem_Set                                  0x000015db   Thumb Code    70  lib_mem.o(.text)
    Mem_Clr                                  0x00001621   Thumb Code     6  lib_mem.o(.text)
    Mem_Move                                 0x00001627   Thumb Code   128  lib_mem.o(.text)
    Mem_Cmp                                  0x000016a7   Thumb Code   126  lib_mem.o(.text)
    Mem_HeapAlloc                            0x000017c5   Thumb Code   164  lib_mem.o(.text)
    Mem_SegGetSizeRem                        0x00001869   Thumb Code   114  lib_mem.o(.text)
    Mem_HeapGetSizeRem                       0x000018db   Thumb Code     8  lib_mem.o(.text)
    Mem_PoolClr                              0x000018e3   Thumb Code    68  lib_mem.o(.text)
    Mem_PoolCreate                           0x00001927   Thumb Code   722  lib_mem.o(.text)
    Mem_PoolBlkGetNbrAvail                   0x00001bf9   Thumb Code    64  lib_mem.o(.text)
    Mem_PoolBlkGet                           0x00001c39   Thumb Code   126  lib_mem.o(.text)
    Mem_PoolBlkGetUsedAtIx                   0x00001cb7   Thumb Code   102  lib_mem.o(.text)
    Mem_PoolBlkFree                          0x00001d63   Thumb Code   206  lib_mem.o(.text)
    Mem_PoolBlkIxGet                         0x00001e31   Thumb Code   186  lib_mem.o(.text)
    Str_Len_N                                0x00001ef1   Thumb Code    22  lib_str.o(.text)
    Str_Len                                  0x00001f07   Thumb Code     6  lib_str.o(.text)
    Str_Copy_N                               0x00001f0d   Thumb Code    48  lib_str.o(.text)
    Str_Copy                                 0x00001f3d   Thumb Code     6  lib_str.o(.text)
    Str_Cat_N                                0x00001f43   Thumb Code    58  lib_str.o(.text)
    Str_Cat                                  0x00001f7d   Thumb Code     6  lib_str.o(.text)
    Str_Cmp_N                                0x00001f83   Thumb Code    86  lib_str.o(.text)
    Str_Cmp                                  0x00001fd9   Thumb Code     6  lib_str.o(.text)
    Str_CmpIgnoreCase_N                      0x00001fdf   Thumb Code   146  lib_str.o(.text)
    Str_CmpIgnoreCase                        0x00002071   Thumb Code     6  lib_str.o(.text)
    Str_Char_N                               0x00002077   Thumb Code    46  lib_str.o(.text)
    Str_Char                                 0x000020a5   Thumb Code     8  lib_str.o(.text)
    Str_Char_Last_N                          0x000020ad   Thumb Code    44  lib_str.o(.text)
    Str_Char_Last                            0x000020d9   Thumb Code     8  lib_str.o(.text)
    Str_Char_Replace_N                       0x000020e1   Thumb Code    40  lib_str.o(.text)
    Str_Char_Replace                         0x00002109   Thumb Code     6  lib_str.o(.text)
    Str_Str_N                                0x0000210f   Thumb Code   120  lib_str.o(.text)
    Str_Str                                  0x00002187   Thumb Code     6  lib_str.o(.text)
    Str_FmtNbr_Int32U                        0x000022e5   Thumb Code    24  lib_str.o(.text)
    Str_FmtNbr_Int32S                        0x000022fd   Thumb Code    40  lib_str.o(.text)
    Str_ParseNbr_Int32U                      0x0000245f   Thumb Code    12  lib_str.o(.text)
    Str_ParseNbr_Int32S                      0x0000246b   Thumb Code    42  lib_str.o(.text)
    Mem_Copy                                 0x00002499   Thumb Code     0  lib_mem_a.o(.text)
    OS_StrLen                                0x000026b9   Thumb Code    20  os_core.o(.text)
    OSEventNameGet                           0x000026cd   Thumb Code    74  os_core.o(.text)
    OSEventNameSet                           0x00002717   Thumb Code    58  os_core.o(.text)
    OS_EventTaskRemoveMulti                  0x00002751   Thumb Code    40  os_core.o(.text)
    OS_Sched                                 0x00002779   Thumb Code    64  os_core.o(.text)
    OS_EventTaskWaitMulti                    0x000027b9   Thumb Code    88  os_core.o(.text)
    OSEventPendMulti                         0x00002811   Thumb Code   410  os_core.o(.text)
    OS_TaskStatStkChk                        0x000029ab   Thumb Code    50  os_core.o(.text)
    OS_TaskStat                              0x000029dd   Thumb Code    98  os_core.o(.text)
    OS_TaskIdle                              0x00002a3f   Thumb Code    22  os_core.o(.text)
    OS_MemClr                                0x00002a55   Thumb Code    18  os_core.o(.text)
    OSInit                                   0x00002a67   Thumb Code   172  os_core.o(.text)
    OSIntEnter                               0x00002b13   Thumb Code    20  os_core.o(.text)
    OSIntExit                                0x00002b27   Thumb Code    82  os_core.o(.text)
    OSSchedLock                              0x00002b79   Thumb Code    38  os_core.o(.text)
    OSSchedUnlock                            0x00002b9f   Thumb Code    52  os_core.o(.text)
    OSStart                                  0x00002bd3   Thumb Code    38  os_core.o(.text)
    OSStatInit                               0x00002bf9   Thumb Code    48  os_core.o(.text)
    OSTimeTick                               0x00002c29   Thumb Code   154  os_core.o(.text)
    OSVersion                                0x00002cc3   Thumb Code     6  os_core.o(.text)
    OS_Dummy                                 0x00002cc9   Thumb Code     2  os_core.o(.text)
    OS_EventTaskRemove                       0x00002ccb   Thumb Code    36  os_core.o(.text)
    OS_EventTaskRdy                          0x00002cef   Thumb Code   102  os_core.o(.text)
    OS_EventTaskWait                         0x00002d55   Thumb Code    68  os_core.o(.text)
    OS_EventWaitListInit                     0x00002d99   Thumb Code    20  os_core.o(.text)
    OS_MemCopy                               0x00002dad   Thumb Code    20  os_core.o(.text)
    OS_TCBInit                               0x00002dc1   Thumb Code   230  os_core.o(.text)
    OSFlagAccept                             0x00002fd5   Thumb Code   154  os_flag.o(.text)
    OSFlagCreate                             0x0000306f   Thumb Code    68  os_flag.o(.text)
    OS_FlagUnlink                            0x000030b3   Thumb Code    32  os_flag.o(.text)
    OSFlagDel                                0x00003119   Thumb Code   182  os_flag.o(.text)
    OSFlagNameGet                            0x000031cf   Thumb Code    72  os_flag.o(.text)
    OSFlagNameSet                            0x00003217   Thumb Code    50  os_flag.o(.text)
    OSFlagPend                               0x0000329f   Thumb Code   370  os_flag.o(.text)
    OSFlagPendGetFlagsRdy                    0x00003411   Thumb Code    20  os_flag.o(.text)
    OSFlagPost                               0x00003425   Thumb Code   212  os_flag.o(.text)
    OSFlagQuery                              0x000034f9   Thumb Code    38  os_flag.o(.text)
    OS_FlagInit                              0x0000351f   Thumb Code    64  os_flag.o(.text)
    OSMboxAccept                             0x00003569   Thumb Code    32  os_mbox.o(.text)
    OSMboxCreate                             0x00003589   Thumb Code    58  os_mbox.o(.text)
    OSMboxDel                                0x000035c3   Thumb Code   188  os_mbox.o(.text)
    OSMboxPend                               0x0000367f   Thumb Code   190  os_mbox.o(.text)
    OSMboxPendAbort                          0x0000373d   Thumb Code   110  os_mbox.o(.text)
    OSMboxPost                               0x000037ab   Thumb Code    76  os_mbox.o(.text)
    OSMboxPostOpt                            0x000037f7   Thumb Code   108  os_mbox.o(.text)
    OSMboxQuery                              0x00003863   Thumb Code    66  os_mbox.o(.text)
    OSMemCreate                              0x000038b9   Thumb Code    86  os_mem.o(.text)
    OSMemGet                                 0x0000390f   Thumb Code    48  os_mem.o(.text)
    OSMemNameGet                             0x0000393f   Thumb Code    54  os_mem.o(.text)
    OSMemNameSet                             0x00003975   Thumb Code    36  os_mem.o(.text)
    OSMemPut                                 0x00003999   Thumb Code    46  os_mem.o(.text)
    OSMemQuery                               0x000039c7   Thumb Code    46  os_mem.o(.text)
    OS_MemInit                               0x000039f5   Thumb Code    62  os_mem.o(.text)
    OSSemAccept                              0x00003a45   Thumb Code    34  os_sem.o(.text)
    OSSemCreate                              0x00003a67   Thumb Code    58  os_sem.o(.text)
    OSSemDel                                 0x00003aa1   Thumb Code   188  os_sem.o(.text)
    OSSemPend                                0x00003b5d   Thumb Code   174  os_sem.o(.text)
    OSSemPendAbort                           0x00003c0b   Thumb Code   110  os_sem.o(.text)
    OSSemPost                                0x00003c79   Thumb Code    82  os_sem.o(.text)
    OSSemQuery                               0x00003ccb   Thumb Code    66  os_sem.o(.text)
    OSSemSet                                 0x00003d0d   Thumb Code    52  os_sem.o(.text)
    OSTaskChangePrio                         0x00003d55   Thumb Code   322  os_task.o(.text)
    OSTaskCreate                             0x00003e97   Thumb Code   124  os_task.o(.text)
    OS_TaskStkClr                            0x00003f13   Thumb Code    22  os_task.o(.text)
    OSTaskCreateExt                          0x00003f29   Thumb Code   144  os_task.o(.text)
    OSTaskDel                                0x00003fb9   Thumb Code   274  os_task.o(.text)
    OSTaskDelReq                             0x000040cb   Thumb Code    82  os_task.o(.text)
    OSTaskNameGet                            0x0000411d   Thumb Code   138  os_task.o(.text)
    OSTaskNameSet                            0x000041a7   Thumb Code    70  os_task.o(.text)
    OSTaskResume                             0x000041ed   Thumb Code   120  os_task.o(.text)
    OSTaskStkChk                             0x00004265   Thumb Code    94  os_task.o(.text)
    OSTaskSuspend                            0x000042c3   Thumb Code   128  os_task.o(.text)
    OSTaskQuery                              0x00004343   Thumb Code    74  os_task.o(.text)
    OSTaskRegGet                             0x0000438d   Thumb Code    50  os_task.o(.text)
    OSTaskRegGetID                           0x000043bf   Thumb Code    40  os_task.o(.text)
    OSTaskRegSet                             0x000043e7   Thumb Code    52  os_task.o(.text)
    OS_TaskReturn                            0x0000441b   Thumb Code    18  os_task.o(.text)
    OSTimeDly                                0x00004449   Thumb Code    82  os_time.o(.text)
    OSTimeDlyHMSM                            0x0000449b   Thumb Code    70  os_time.o(.text)
    OSTimeDlyResume                          0x000044e1   Thumb Code   134  os_time.o(.text)
    OSTimeGet                                0x00004567   Thumb Code    18  os_time.o(.text)
    OSTimeSet                                0x00004579   Thumb Code    20  os_time.o(.text)
    OS_CPU_FP_Reg_Push                       0x000045a9   Thumb Code     0  os_cpu_a.o(.text)
    OS_CPU_FP_Reg_Pop                        0x000045c3   Thumb Code     0  os_cpu_a.o(.text)
    OS_CPU_SR_Save                           0x000045d5   Thumb Code     0  os_cpu_a.o(.text)
    OS_CPU_SR_Restore                        0x000045dd   Thumb Code     0  os_cpu_a.o(.text)
    OSStartHighRdy                           0x000045e3   Thumb Code     0  os_cpu_a.o(.text)
    OSCtxSw                                  0x0000460b   Thumb Code     0  os_cpu_a.o(.text)
    OSIntCtxSw                               0x00004615   Thumb Code     0  os_cpu_a.o(.text)
    OS_CPU_PendSVHandler                     0x0000461f   Thumb Code     0  os_cpu_a.o(.text)
    OSInitHookBegin                          0x00004685   Thumb Code    24  os_cpu_c.o(.text)
    OSInitHookEnd                            0x0000469d   Thumb Code     2  os_cpu_c.o(.text)
    OSTaskCreateHook                         0x0000469f   Thumb Code     4  os_cpu_c.o(.text)
    OSTaskDelHook                            0x000046a3   Thumb Code     4  os_cpu_c.o(.text)
    OSTaskIdleHook                           0x000046a7   Thumb Code     4  os_cpu_c.o(.text)
    OSTaskReturnHook                         0x000046ab   Thumb Code     4  os_cpu_c.o(.text)
    OSTaskStatHook                           0x000046af   Thumb Code     4  os_cpu_c.o(.text)
    OSTaskStkInit                            0x000046b3   Thumb Code   322  os_cpu_c.o(.text)
    OSTaskSwHook                             0x000047f5   Thumb Code    42  os_cpu_c.o(.text)
    OSTCBInitHook                            0x0000481f   Thumb Code     4  os_cpu_c.o(.text)
    OSTimeTickHook                           0x00004823   Thumb Code     4  os_cpu_c.o(.text)
    OS_CPU_SysTickHandler                    0x00004827   Thumb Code    30  os_cpu_c.o(.text)
    OS_CPU_SysTickInit                       0x00004845   Thumb Code    36  os_cpu_c.o(.text)
    OSDebugInit                              0x000048ed   Thumb Code     2  os_dbg.o(.text)
    GPIODirModeSet                           0x000048f1   Thumb Code    38  gpio.o(.text)
    GPIODirModeGet                           0x00004917   Thumb Code    38  gpio.o(.text)
    GPIOIntTypeSet                           0x0000493d   Thumb Code    78  gpio.o(.text)
    GPIOIntTypeGet                           0x0000498b   Thumb Code    68  gpio.o(.text)
    GPIOPadConfigSet                         0x000049cf   Thumb Code   164  gpio.o(.text)
    GPIOPadConfigGet                         0x00004a73   Thumb Code   110  gpio.o(.text)
    GPIOIntEnable                            0x00004ae1   Thumb Code    12  gpio.o(.text)
    GPIOIntDisable                           0x00004aed   Thumb Code    12  gpio.o(.text)
    GPIOIntStatus                            0x00004af9   Thumb Code    14  gpio.o(.text)
    GPIOIntClear                             0x00004b07   Thumb Code     6  gpio.o(.text)
    GPIOIntRegister                          0x00004b0d   Thumb Code    26  gpio.o(.text)
    GPIOIntUnregister                        0x00004b27   Thumb Code    22  gpio.o(.text)
    GPIOPinRead                              0x00004b3d   Thumb Code     6  gpio.o(.text)
    GPIOPinWrite                             0x00004b43   Thumb Code     6  gpio.o(.text)
    GPIOPinTypeADC                           0x00004b49   Thumb Code    26  gpio.o(.text)
    GPIOPinTypeCAN                           0x00004b63   Thumb Code    26  gpio.o(.text)
    GPIOPinTypeComparator                    0x00004b7d   Thumb Code    26  gpio.o(.text)
    GPIOPinTypeEPI                           0x00004b97   Thumb Code    26  gpio.o(.text)
    GPIOPinTypeEthernetLED                   0x00004bb1   Thumb Code    26  gpio.o(.text)
    GPIOPinTypeEthernetMII                   0x00004bcb   Thumb Code    26  gpio.o(.text)
    GPIOPinTypeFan                           0x00004be5   Thumb Code    26  gpio.o(.text)
    GPIOPinTypeGPIOInput                     0x00004bff   Thumb Code    26  gpio.o(.text)
    GPIOPinTypeGPIOOutput                    0x00004c19   Thumb Code    26  gpio.o(.text)
    GPIOPinTypeGPIOOutputOD                  0x00004c33   Thumb Code    26  gpio.o(.text)
    GPIOPinTypeI2C                           0x00004c4d   Thumb Code    26  gpio.o(.text)
    GPIOPinTypeI2CSCL                        0x00004c67   Thumb Code    26  gpio.o(.text)
    GPIOPinTypeLPC                           0x00004c81   Thumb Code    26  gpio.o(.text)
    GPIOPinTypePECIRx                        0x00004c9b   Thumb Code    26  gpio.o(.text)
    GPIOPinTypePECITx                        0x00004cb5   Thumb Code    26  gpio.o(.text)
    GPIOPinTypePWM                           0x00004ccf   Thumb Code    26  gpio.o(.text)
    GPIOPinTypeQEI                           0x00004ce9   Thumb Code    26  gpio.o(.text)
    GPIOPinTypeSSI                           0x00004d03   Thumb Code    26  gpio.o(.text)
    GPIOPinTypeTimer                         0x00004d1d   Thumb Code    26  gpio.o(.text)
    GPIOPinTypeUART                          0x00004d37   Thumb Code    26  gpio.o(.text)
    GPIOPinTypeUSBAnalog                     0x00004d51   Thumb Code    26  gpio.o(.text)
    GPIOPinTypeUSBDigital                    0x00004d6b   Thumb Code    26  gpio.o(.text)
    GPIOPinConfigure                         0x00004d85   Thumb Code    58  gpio.o(.text)
    GPIODMATriggerEnable                     0x00004dbf   Thumb Code    12  gpio.o(.text)
    GPIODMATriggerDisable                    0x00004dcb   Thumb Code    12  gpio.o(.text)
    GPIOADCTriggerEnable                     0x00004dd7   Thumb Code    12  gpio.o(.text)
    GPIOADCTriggerDisable                    0x00004de3   Thumb Code    12  gpio.o(.text)
    IntMasterEnable                          0x00004e1f   Thumb Code    14  interrupt.o(.text)
    IntMasterDisable                         0x00004e2d   Thumb Code    14  interrupt.o(.text)
    IntRegister                              0x00004e3b   Thumb Code    38  interrupt.o(.text)
    IntUnregister                            0x00004e61   Thumb Code    10  interrupt.o(.text)
    IntPriorityGroupingSet                   0x00004e6b   Thumb Code    18  interrupt.o(.text)
    IntPriorityGroupingGet                   0x00004e7d   Thumb Code    30  interrupt.o(.text)
    IntPrioritySet                           0x00004e9b   Thumb Code    32  interrupt.o(.text)
    IntPriorityGet                           0x00004ebb   Thumb Code    22  interrupt.o(.text)
    IntEnable                                0x00004ed1   Thumb Code    88  interrupt.o(.text)
    IntDisable                               0x00004f29   Thumb Code    88  interrupt.o(.text)
    IntIsEnabled                             0x00004f81   Thumb Code    90  interrupt.o(.text)
    IntPendSet                               0x00004fdb   Thumb Code    70  interrupt.o(.text)
    IntPendClear                             0x00005021   Thumb Code    58  interrupt.o(.text)
    IntPriorityMaskSet                       0x0000505b   Thumb Code     4  interrupt.o(.text)
    IntPriorityMaskGet                       0x0000505f   Thumb Code     4  interrupt.o(.text)
    IntTrigger                               0x00005063   Thumb Code     8  interrupt.o(.text)
    SysCtlSRAMSizeGet                        0x00005085   Thumb Code    10  sysctl.o(.text)
    SysCtlFlashSizeGet                       0x0000508f   Thumb Code    16  sysctl.o(.text)
    SysCtlPeripheralPresent                  0x0000509f   Thumb Code    40  sysctl.o(.text)
    SysCtlPeripheralReady                    0x000050c7   Thumb Code    40  sysctl.o(.text)
    SysCtlPeripheralPowerOn                  0x000050ef   Thumb Code    36  sysctl.o(.text)
    SysCtlPeripheralPowerOff                 0x00005113   Thumb Code    36  sysctl.o(.text)
    SysCtlPeripheralReset                    0x00005137   Thumb Code    54  sysctl.o(.text)
    SysCtlPeripheralEnable                   0x0000516d   Thumb Code    36  sysctl.o(.text)
    SysCtlPeripheralDisable                  0x00005191   Thumb Code    36  sysctl.o(.text)
    SysCtlPeripheralSleepEnable              0x000051b5   Thumb Code    36  sysctl.o(.text)
    SysCtlPeripheralSleepDisable             0x000051d9   Thumb Code    36  sysctl.o(.text)
    SysCtlPeripheralDeepSleepEnable          0x000051fd   Thumb Code    36  sysctl.o(.text)
    SysCtlPeripheralDeepSleepDisable         0x00005221   Thumb Code    36  sysctl.o(.text)
    SysCtlPeripheralClockGating              0x00005245   Thumb Code    24  sysctl.o(.text)
    SysCtlIntRegister                        0x0000525d   Thumb Code    20  sysctl.o(.text)
    SysCtlIntUnregister                      0x00005271   Thumb Code    18  sysctl.o(.text)
    SysCtlIntEnable                          0x00005283   Thumb Code    12  sysctl.o(.text)
    SysCtlIntDisable                         0x0000528f   Thumb Code    12  sysctl.o(.text)
    SysCtlIntClear                           0x0000529b   Thumb Code     8  sysctl.o(.text)
    SysCtlIntStatus                          0x000052a3   Thumb Code    14  sysctl.o(.text)
    SysCtlReset                              0x000052b1   Thumb Code     8  sysctl.o(.text)
    SysCtlSleep                              0x000052b9   Thumb Code     4  sysctl.o(.text)
    SysCtlDeepSleep                          0x000052bd   Thumb Code    28  sysctl.o(.text)
    SysCtlResetCauseGet                      0x000052d9   Thumb Code     8  sysctl.o(.text)
    SysCtlResetCauseClear                    0x000052e1   Thumb Code    12  sysctl.o(.text)
    SysCtlMOSCConfigSet                      0x000052ed   Thumb Code     8  sysctl.o(.text)
    SysCtlPIOSCCalibrate                     0x000052f5   Thumb Code    64  sysctl.o(.text)
    SysCtlClockSet                           0x00005335   Thumb Code   250  sysctl.o(.text)
    SysCtlClockGet                           0x0000542f   Thumb Code   274  sysctl.o(.text)
    SysCtlDeepSleepClockSet                  0x00005541   Thumb Code     8  sysctl.o(.text)
    SysCtlPWMClockSet                        0x00005549   Thumb Code    14  sysctl.o(.text)
    SysCtlPWMClockGet                        0x00005557   Thumb Code    20  sysctl.o(.text)
    SysCtlADCSpeedSet                        0x0000556b   Thumb Code    32  sysctl.o(.text)
    SysCtlADCSpeedGet                        0x0000558b   Thumb Code    12  sysctl.o(.text)
    SysCtlGPIOAHBEnable                      0x00005597   Thumb Code    18  sysctl.o(.text)
    SysCtlGPIOAHBDisable                     0x000055a9   Thumb Code    18  sysctl.o(.text)
    SysCtlUSBPLLEnable                       0x000055bb   Thumb Code    12  sysctl.o(.text)
    SysCtlUSBPLLDisable                      0x000055c7   Thumb Code    12  sysctl.o(.text)
    UARTParityModeSet                        0x000055e1   Thumb Code    12  uart.o(.text)
    UARTParityModeGet                        0x000055ed   Thumb Code     8  uart.o(.text)
    UARTFIFOLevelSet                         0x000055f5   Thumb Code     6  uart.o(.text)
    UARTFIFOLevelGet                         0x000055fb   Thumb Code    16  uart.o(.text)
    UARTEnable                               0x0000560b   Thumb Code    20  uart.o(.text)
    UARTDisable                              0x0000561f   Thumb Code    26  uart.o(.text)
    UARTConfigSetExpClk                      0x00005639   Thumb Code    70  uart.o(.text)
    UARTConfigGetExpClk                      0x0000567f   Thumb Code    38  uart.o(.text)
    UARTFIFOEnable                           0x000056a5   Thumb Code    10  uart.o(.text)
    UARTFIFODisable                          0x000056af   Thumb Code    10  uart.o(.text)
    UARTEnableSIR                            0x000056b9   Thumb Code    20  uart.o(.text)
    UARTDisableSIR                           0x000056cd   Thumb Code    10  uart.o(.text)
    UARTSmartCardEnable                      0x000056d7   Thumb Code    22  uart.o(.text)
    UARTSmartCardDisable                     0x000056ed   Thumb Code    10  uart.o(.text)
    UARTModemControlSet                      0x000056f7   Thumb Code    12  uart.o(.text)
    UARTModemControlClear                    0x00005703   Thumb Code    12  uart.o(.text)
    UARTModemControlGet                      0x0000570f   Thumb Code     8  uart.o(.text)
    UARTModemStatusGet                       0x00005717   Thumb Code    10  uart.o(.text)
    UARTFlowControlSet                       0x00005721   Thumb Code    12  uart.o(.text)
    UARTFlowControlGet                       0x0000572d   Thumb Code     8  uart.o(.text)
    UARTTxIntModeSet                         0x00005735   Thumb Code    12  uart.o(.text)
    UARTTxIntModeGet                         0x00005741   Thumb Code     8  uart.o(.text)
    UARTCharsAvail                           0x00005749   Thumb Code    10  uart.o(.text)
    UARTSpaceAvail                           0x00005753   Thumb Code    10  uart.o(.text)
    UARTCharGetNonBlocking                   0x0000575d   Thumb Code    16  uart.o(.text)
    UARTCharGet                              0x0000576d   Thumb Code    10  uart.o(.text)
    UARTCharPutNonBlocking                   0x00005777   Thumb Code    16  uart.o(.text)
    UARTCharPut                              0x00005787   Thumb Code    10  uart.o(.text)
    UARTBreakCtl                             0x00005791   Thumb Code    20  uart.o(.text)
    UARTBusy                                 0x000057a5   Thumb Code     8  uart.o(.text)
    UARTIntRegister                          0x000057ad   Thumb Code    26  uart.o(.text)
    UARTIntUnregister                        0x000057c7   Thumb Code    22  uart.o(.text)
    UARTIntEnable                            0x000057dd   Thumb Code     8  uart.o(.text)
    UARTIntDisable                           0x000057e5   Thumb Code     8  uart.o(.text)
    UARTIntStatus                            0x000057ed   Thumb Code    10  uart.o(.text)
    UARTIntClear                             0x000057f7   Thumb Code     4  uart.o(.text)
    UARTDMAEnable                            0x000057fb   Thumb Code     8  uart.o(.text)
    UARTDMADisable                           0x00005803   Thumb Code     8  uart.o(.text)
    UARTRxErrorGet                           0x0000580b   Thumb Code     8  uart.o(.text)
    UARTRxErrorClear                         0x00005813   Thumb Code     6  uart.o(.text)
    UARTClockSourceSet                       0x00005819   Thumb Code     6  uart.o(.text)
    UARTClockSourceGet                       0x0000581f   Thumb Code     6  uart.o(.text)
    UART9BitEnable                           0x00005825   Thumb Code    12  uart.o(.text)
    UART9BitDisable                          0x00005831   Thumb Code    12  uart.o(.text)
    UART9BitAddrSet                          0x0000583d   Thumb Code     8  uart.o(.text)
    UART9BitAddrSend                         0x00005845   Thumb Code    38  uart.o(.text)
    UARTStdioConfig                          0x00005891   Thumb Code    70  uartstdio.o(.text)
    UARTwrite                                0x000058d7   Thumb Code    46  uartstdio.o(.text)
    UARTgets                                 0x00005905   Thumb Code   106  uartstdio.o(.text)
    UARTgetc                                 0x0000596f   Thumb Code    14  uartstdio.o(.text)
    UARTvprintf                              0x0000597d   Thumb Code   422  uartstdio.o(.text)
    UARTprintf                               0x00005b23   Thumb Code    18  uartstdio.o(.text)
    __aeabi_uldivmod                         0x00005b51   Thumb Code    98  uldiv.o(.text)
    rand                                     0x00005bb5   Thumb Code    20  rand.o(.text)
    srand                                    0x00005bc9   Thumb Code     6  rand.o(.text)
    __aeabi_uidiv                            0x00005bd9   Thumb Code     0  uidiv.o(.text)
    __aeabi_uidivmod                         0x00005bd9   Thumb Code    44  uidiv.o(.text)
    __aeabi_llsl                             0x00005c05   Thumb Code    30  llshl.o(.text)
    _ll_shift_l                              0x00005c05   Thumb Code     0  llshl.o(.text)
    __aeabi_llsr                             0x00005c23   Thumb Code    32  llushr.o(.text)
    _ll_ushift_r                             0x00005c23   Thumb Code     0  llushr.o(.text)
    __scatterload                            0x00005c45   Thumb Code    28  init.o(.text)
    __scatterload_rt2                        0x00005c45   Thumb Code     0  init.o(.text)
    __decompress                             0x00005c69   Thumb Code     0  __dczerorl.o(.text)
    __decompress0                            0x00005c69   Thumb Code    58  __dczerorl.o(.text)
    __0sprintf$1                             0x00005ca5   Thumb Code    34  printf1.o(i.__0sprintf$1)
    __1sprintf$1                             0x00005ca5   Thumb Code     0  printf1.o(i.__0sprintf$1)
    __2sprintf                               0x00005ca5   Thumb Code     0  printf1.o(i.__0sprintf$1)
    __scatterload_copy                       0x00005ccd   Thumb Code    14  handlers.o(i.__scatterload_copy)
    __scatterload_null                       0x00005cdb   Thumb Code     2  handlers.o(i.__scatterload_null)
    __scatterload_zeroinit                   0x00005cdd   Thumb Code    14  handlers.o(i.__scatterload_zeroinit)
    OSUnMapTbl                               0x00005fe0   Data         256  os_core.o(.constdata)
    Region$$Table$$Base                      0x00006400   Number         0  anon$$obj.o(Region$$Table)
    Region$$Table$$Limit                     0x00006420   Number         0  anon$$obj.o(Region$$Table)
    column4TCB                               0x20000020   Data           4  app.o(.data)
    column5TCB                               0x20000024   Data           4  app.o(.data)
    column2TCB                               0x20000028   Data           4  app.o(.data)
    CPU_TS_TmrFreq_Hz                        0x2000002c   Data           4  cpu_core.o(.data)
    Mem_PoolTbl                              0x20000030   Data           4  lib_mem.o(.data)
    OSCPUUsage                               0x20000034   Data           1  os_core.o(.data)
    OSStatRdy                                0x20000035   Data           1  os_core.o(.data)
    OSIntNesting                             0x20000036   Data           1  os_core.o(.data)
    OSLockNesting                            0x20000037   Data           1  os_core.o(.data)
    OSPrioCur                                0x20000038   Data           1  os_core.o(.data)
    OSPrioHighRdy                            0x20000039   Data           1  os_core.o(.data)
    OSRdyGrp                                 0x2000003a   Data           1  os_core.o(.data)
    OSRunning                                0x2000003b   Data           1  os_core.o(.data)
    OSTaskCtr                                0x2000003c   Data           1  os_core.o(.data)
    OSTickStepState                          0x2000003d   Data           1  os_core.o(.data)
    OSTaskRegNextAvailID                     0x2000003e   Data           1  os_core.o(.data)
    OSCtxSwCtr                               0x20000040   Data           4  os_core.o(.data)
    OSEventFreeList                          0x20000044   Data           4  os_core.o(.data)
    OSIdleCtrMax                             0x20000048   Data           4  os_core.o(.data)
    OSIdleCtrRun                             0x2000004c   Data           4  os_core.o(.data)
    OSIdleCtr                                0x20000050   Data           4  os_core.o(.data)
    OSTCBCur                                 0x20000054   Data           4  os_core.o(.data)
    OSTCBFreeList                            0x20000058   Data           4  os_core.o(.data)
    OSTCBHighRdy                             0x2000005c   Data           4  os_core.o(.data)
    OSTCBList                                0x20000060   Data           4  os_core.o(.data)
    OSTime                                   0x20000064   Data           4  os_core.o(.data)
    OSRdyTbl                                 0x20000068   Data           8  os_core.o(.data)
    OSFlagFreeList                           0x20000070   Data           4  os_core.o(.data)
    OSMemFreeList                            0x20000074   Data           4  os_core.o(.data)
    OS_CPU_ExceptStkBase                     0x20000078   Data           4  os_cpu_c.o(.data)
    CPU_Name                                 0x2000202c   Data          16  cpu_core.o(.bss)
    Mem_PoolHeap                             0x2000203c   Data          72  lib_mem.o(.bss)
    Mem_Heap                                 0x20002084   Data        1024  lib_mem.o(.bss)
    OSEventTbl                               0x20002484   Data         240  os_core.o(.bss)
    OSTaskStatStk                            0x20002574   Data         512  os_core.o(.bss)
    OSTaskIdleStk                            0x20002774   Data         512  os_core.o(.bss)
    OSTCBPrioTbl                             0x20002974   Data         256  os_core.o(.bss)
    OSTCBTbl                                 0x20002a74   Data        1936  os_core.o(.bss)
    OSFlagTbl                                0x20003204   Data          80  os_core.o(.bss)
    OSMemTbl                                 0x20003254   Data         120  os_core.o(.bss)
    OS_CPU_ExceptStk                         0x200032cc   Data         512  os_cpu_c.o(.bss)
    __initial_sp                             0x200036d0   Data           0  cstartup.o(STACK)



==============================================================================

Memory Map of the image

  Image Entry point : 0x00000201

  Load Region LR_IROM1 (Base: 0x00000000, Size: 0x00006a8c, Max: 0x00040000, ABSOLUTE, COMPRESSED[0x00006430])

    Execution Region ER_IROM1 (Exec base: 0x00000000, Load base: 0x00000000, Size: 0x00006420, Max: 0x00040000, ABSOLUTE)

    Exec Addr    Load Addr    Size         Type   Attr      Idx    E Section Name        Object

    0x00000000   0x00000000   0x00000200   Data   RO          286    RESET               cstartup.o
    0x00000200   0x00000200   0x00000000   Code   RO         1082  * .ARM.Collect$$$$00000000  mc_w.l(entry.o)
    0x00000200   0x00000200   0x00000004   Code   RO         1351    .ARM.Collect$$$$00000001  mc_w.l(entry2.o)
    0x00000204   0x00000204   0x00000004   Code   RO         1354    .ARM.Collect$$$$00000004  mc_w.l(entry5.o)
    0x00000208   0x00000208   0x00000000   Code   RO         1356    .ARM.Collect$$$$00000008  mc_w.l(entry7b.o)
    0x00000208   0x00000208   0x00000000   Code   RO         1358    .ARM.Collect$$$$0000000A  mc_w.l(entry8b.o)
    0x00000208   0x00000208   0x00000008   Code   RO         1359    .ARM.Collect$$$$0000000B  mc_w.l(entry9a.o)
    0x00000210   0x00000210   0x00000000   Code   RO         1361    .ARM.Collect$$$$0000000D  mc_w.l(entry10a.o)
    0x00000210   0x00000210   0x00000000   Code   RO         1363    .ARM.Collect$$$$0000000F  mc_w.l(entry11a.o)
    0x00000210   0x00000210   0x00000004   Code   RO         1352    .ARM.Collect$$$$00002712  mc_w.l(entry2.o)
    0x00000214   0x00000214   0x00000026   Code   RO          676    .emb_text           cpu.o
    0x0000023a   0x0000023a   0x00000002   PAD
    0x0000023c   0x0000023c   0x00000006   Code   RO          908    .emb_text           sysctl.o
    0x00000242   0x00000242   0x00000002   PAD
    0x00000244   0x00000244   0x000007ec   Code   RO            1    .text               app.o
    0x00000a30   0x00000a30   0x00000010   Code   RO          109    .text               app_hooks.o
    0x00000a40   0x00000a40   0x00000108   Code   RO          138    .text               bsp.o
    0x00000b48   0x00000b48   0x00000248   Code   RO          186    .text               bsp_int.o
    0x00000d90   0x00000d90   0x000000cc   Code   RO          211    .text               bsp_led.o
    0x00000e5c   0x00000e5c   0x00000010   Code   RO          232    .text               bsp_sys.o
    0x00000e6c   0x00000e6c   0x00000058   Code   RO          253    .text               cpu_bsp.o
    0x00000ec4   0x00000ec4   0x00000018   Code   RO          287    .text               cstartup.o
    0x00000edc   0x00000edc   0x000001bc   Code   RO          292    .text               cpu_core.o
    0x00001098   0x00001098   0x00000034   Code   RO          314    .text               cpu_a.o
    0x000010cc   0x000010cc   0x0000037c   Code   RO          317    .text               cpu_c.o
    0x00001448   0x00001448   0x0000015a   Code   RO          333    .text               lib_ascii.o
    0x000015a2   0x000015a2   0x00000002   PAD
    0x000015a4   0x000015a4   0x0000094c   Code   RO          380    .text               lib_mem.o
    0x00001ef0   0x00001ef0   0x000005a8   Code   RO          399    .text               lib_str.o
    0x00002498   0x00002498   0x00000220   Code   RO          417    .text               lib_mem_a.o
    0x000026b8   0x000026b8   0x0000091c   Code   RO          420    .text               os_core.o
    0x00002fd4   0x00002fd4   0x00000594   Code   RO          445    .text               os_flag.o
    0x00003568   0x00003568   0x00000350   Code   RO          458    .text               os_mbox.o
    0x000038b8   0x000038b8   0x0000018c   Code   RO          470    .text               os_mem.o
    0x00003a44   0x00003a44   0x00000310   Code   RO          500    .text               os_sem.o
    0x00003d54   0x00003d54   0x000006f4   Code   RO          512    .text               os_task.o
    0x00004448   0x00004448   0x00000160   Code   RO          525    .text               os_time.o
    0x000045a8   0x000045a8   0x000000dc   Code   RO          543    .text               os_cpu_a.o
    0x00004684   0x00004684   0x00000268   Code   RO          546    .text               os_cpu_c.o
    0x000048ec   0x000048ec   0x00000002   Code   RO          572    .text               os_dbg.o
    0x000048ee   0x000048ee   0x00000002   PAD
    0x000048f0   0x000048f0   0x0000052c   Code   RO          742    .text               gpio.o
    0x00004e1c   0x00004e1c   0x00000268   Code   RO          805    .text               interrupt.o
    0x00005084   0x00005084   0x0000055c   Code   RO          909    .text               sysctl.o
    0x000055e0   0x000055e0   0x000002b0   Code   RO          982    .text               uart.o
    0x00005890   0x00005890   0x000002c0   Code   RO         1057    .text               uartstdio.o
    0x00005b50   0x00005b50   0x00000062   Code   RO         1085    .text               mc_w.l(uldiv.o)
    0x00005bb2   0x00005bb2   0x00000002   PAD
    0x00005bb4   0x00005bb4   0x00000024   Code   RO         1087    .text               mc_w.l(rand.o)
    0x00005bd8   0x00005bd8   0x0000002c   Code   RO         1368    .text               mc_w.l(uidiv.o)
    0x00005c04   0x00005c04   0x0000001e   Code   RO         1370    .text               mc_w.l(llshl.o)
    0x00005c22   0x00005c22   0x00000020   Code   RO         1372    .text               mc_w.l(llushr.o)
    0x00005c42   0x00005c42   0x00000002   PAD
    0x00005c44   0x00005c44   0x00000024   Code   RO         1385    .text               mc_w.l(init.o)
    0x00005c68   0x00005c68   0x0000003a   Code   RO         1401    .text               mc_w.l(__dczerorl.o)
    0x00005ca2   0x00005ca2   0x00000002   PAD
    0x00005ca4   0x00005ca4   0x00000028   Code   RO         1137    i.__0sprintf$1      mc_w.l(printf1.o)
    0x00005ccc   0x00005ccc   0x0000000e   Code   RO         1395    i.__scatterload_copy  mc_w.l(handlers.o)
    0x00005cda   0x00005cda   0x00000002   Code   RO         1396    i.__scatterload_null  mc_w.l(handlers.o)
    0x00005cdc   0x00005cdc   0x0000000e   Code   RO         1397    i.__scatterload_zeroinit  mc_w.l(handlers.o)
    0x00005cea   0x00005cea   0x00000002   PAD
    0x00005cec   0x00005cec   0x00000154   Code   RO         1142    i._printf_core      mc_w.l(printf1.o)
    0x00005e40   0x00005e40   0x0000000a   Code   RO         1144    i._sputc            mc_w.l(printf1.o)
    0x00005e4a   0x00005e4a   0x00000100   Data   RO          294    .constdata          cpu_core.o
    0x00005f4a   0x00005f4a   0x00000002   PAD
    0x00005f4c   0x00005f4c   0x00000094   Data   RO          400    .constdata          lib_str.o
    0x00005fe0   0x00005fe0   0x00000100   Data   RO          424    .constdata          os_core.o
    0x000060e0   0x000060e0   0x00000138   Data   RO          743    .constdata          gpio.o
    0x00006218   0x00006218   0x0000010c   Data   RO          806    .constdata          interrupt.o
    0x00006324   0x00006324   0x0000006c   Data   RO          910    .constdata          sysctl.o
    0x00006390   0x00006390   0x00000040   Data   RO          983    .constdata          uart.o
    0x000063d0   0x000063d0   0x0000001c   Data   RO         1058    .constdata          uartstdio.o
    0x000063ec   0x000063ec   0x00000011   Data   RO         1059    .conststring        uartstdio.o
    0x000063fd   0x000063fd   0x00000003   PAD
    0x00006400   0x00006400   0x00000020   Data   RO         1393    Region$$Table       anon$$obj.o


    Execution Region RW_IRAM1 (Exec base: 0x20000000, Load base: 0x00006420, Size: 0x000036d0, Max: 0x00008000, ABSOLUTE, COMPRESSED[0x00000010])

    Exec Addr    Load Addr    Size         Type   Attr      Idx    E Section Name        Object

    0x20000000   COMPRESSED   0x0000002c   Data   RW            4    .data               app.o
    0x2000002c   COMPRESSED   0x00000004   Data   RW          296    .data               cpu_core.o
    0x20000030   COMPRESSED   0x00000004   Data   RW          382    .data               lib_mem.o
    0x20000034   COMPRESSED   0x0000003c   Data   RW          425    .data               os_core.o
    0x20000070   COMPRESSED   0x00000004   Data   RW          426    .data               os_core.o
    0x20000074   COMPRESSED   0x00000004   Data   RW          427    .data               os_core.o
    0x20000078   COMPRESSED   0x00000004   Data   RW          548    .data               os_cpu_c.o
    0x2000007c   COMPRESSED   0x00000008   Data   RW         1060    .data               uartstdio.o
    0x20000084   COMPRESSED   0x00000004   Data   RW         1088    .data               mc_w.l(rand.o)
    0x20000088   COMPRESSED   0x00000378   PAD
    0x20000400   COMPRESSED   0x0000026c   Data   RW          807    vtable              interrupt.o
    0x2000066c        -       0x00001800   Zero   RW            2    .bss                app.o
    0x20001e6c        -       0x000001c0   Zero   RW          187    .bss                bsp_int.o
    0x2000202c        -       0x00000010   Zero   RW          293    .bss                cpu_core.o
    0x2000203c        -       0x00000448   Zero   RW          381    .bss                lib_mem.o
    0x20002484        -       0x00000d80   Zero   RW          421    .bss                os_core.o
    0x20003204        -       0x00000050   Zero   RW          422    .bss                os_core.o
    0x20003254        -       0x00000078   Zero   RW          423    .bss                os_core.o
    0x200032cc        -       0x00000200   Zero   RW          547    .bss                os_cpu_c.o
    0x200034cc   COMPRESSED   0x00000004   PAD
    0x200034d0        -       0x00000200   Zero   RW          284    STACK               cstartup.o


==============================================================================

Image component sizes


      Code (inc. data)   RO Data    RW Data    ZI Data      Debug   Object Name

      2028        442          0         44       6144      29516   app.o
        16          0          0          0          0      10575   app_hooks.o
       264         82          0          0          0       8535   bsp.o
       584          8          0          0        448      14670   bsp_int.o
       204         16          0          0          0       1285   bsp_led.o
        16          6          0          0          0       8472   bsp_sys.o
        38          0          0          0          0        680   cpu.o
        52          0          0          0          0        420   cpu_a.o
        88         12          0          0          0       2612   cpu_bsp.o
       892         72          0          0          0       3593   cpu_c.o
       444         12        256          4         16       7093   cpu_core.o
        24          6        512          0        512        804   cstartup.o
      1324         10        312          0          0      12868   gpio.o
       616         26        268        620          0       5224   interrupt.o
       346          0          0          0          0      15394   lib_ascii.o
      2380         38          0          4       1096      25412   lib_mem.o
       544          0          0          0          0        564   lib_mem_a.o
      1448          4        148          0          0      12980   lib_str.o
      2332         92        256         68       3656      19567   os_core.o
       220         36          0          0          0        508   os_cpu_a.o
       616        132          0          4        512      12712   os_cpu_c.o
         2          0          0          0          0        646   os_dbg.o
      1428         40          0          0          0       7834   os_flag.o
       848         20          0          0          0       4794   os_mbox.o
       396         18          0          0          0       3496   os_mem.o
       784         20          0          0          0       4530   os_sem.o
      1780         72          0          0          0       9166   os_task.o
       352         28          0          0          0       2042   os_time.o
      1378         80        108          0          0       9839   sysctl.o
       688          4         64          0          0      11254   uart.o
       704         28         45          8          0       4121   uartstdio.o

    ----------------------------------------------------------------------
     22844       1304       2006        752      12388     251206   Object Totals
         0          0         32          0          0          0   (incl. Generated)
         8          0          5          0          4          0   (incl. Padding)

    ----------------------------------------------------------------------

      Code (inc. data)   RO Data    RW Data    ZI Data      Debug   Library Member Name

        58          0          0          0          0          0   __dczerorl.o
         0          0          0          0          0          0   entry.o
         0          0          0          0          0          0   entry10a.o
         0          0          0          0          0          0   entry11a.o
         8          4          0          0          0          0   entry2.o
         4          0          0          0          0          0   entry5.o
         0          0          0          0          0          0   entry7b.o
         0          0          0          0          0          0   entry8b.o
         8          4          0          0          0          0   entry9a.o
        30          0          0          0          0          0   handlers.o
        36          8          0          0          0         68   init.o
        30          0          0          0          0         68   llshl.o
        32          0          0          0          0         68   llushr.o
       390         10          0          0          0        252   printf1.o
        36         10          0          4          0        136   rand.o
        44          0          0          0          0         80   uidiv.o
        98          0          0          0          0         92   uldiv.o

    ----------------------------------------------------------------------
       782         36          0        892          0        764   Library Totals
         8          0          0        888          0          0   (incl. Padding)

    ----------------------------------------------------------------------

      Code (inc. data)   RO Data    RW Data    ZI Data      Debug   Library Name

       774         36          0          4          0        764   mc_w.l

    ----------------------------------------------------------------------
       782         36          0        892          0        764   Library Totals

    ----------------------------------------------------------------------

==============================================================================


      Code (inc. data)   RO Data    RW Data    ZI Data      Debug   

     23626       1340       2006       1644      12388     245994   Grand Totals
     23626       1340       2006         16      12388     245994   ELF Image Totals (compressed)
     23626       1340       2006         16          0          0   ROM Totals

==============================================================================

    Total RO  Size (Code + RO Data)                25632 (  25.03kB)
    Total RW  Size (RW Data + ZI Data)             14032 (  13.70kB)
    Total ROM Size (Code + RO Data + RW Data)      25648 (  25.05kB)

==============================================================================

